Component: ARM Compiler 5.06 update 7 (build 960) Tool: armlink [4d3601]

==============================================================================

Section Cross References

    startup_stm32f427xx.o(STACK) refers (Special) to heapauxi.o(.text) for __use_two_region_memory
    startup_stm32f427xx.o(HEAP) refers (Special) to heapauxi.o(.text) for __use_two_region_memory
    startup_stm32f427xx.o(RESET) refers (Special) to heapauxi.o(.text) for __use_two_region_memory
    startup_stm32f427xx.o(RESET) refers to startup_stm32f427xx.o(STACK) for __initial_sp
    startup_stm32f427xx.o(RESET) refers to startup_stm32f427xx.o(.text) for Reset_Handler
    startup_stm32f427xx.o(RESET) refers to stm32f4xx_it.o(i.NMI_Handler) for NMI_Handler
    startup_stm32f427xx.o(RESET) refers to stm32f4xx_it.o(i.HardFault_Handler) for HardFault_Handler
    startup_stm32f427xx.o(RESET) refers to stm32f4xx_it.o(i.MemManage_Handler) for MemManage_Handler
    startup_stm32f427xx.o(RESET) refers to stm32f4xx_it.o(i.BusFault_Handler) for BusFault_Handler
    startup_stm32f427xx.o(RESET) refers to stm32f4xx_it.o(i.UsageFault_Handler) for UsageFault_Handler
    startup_stm32f427xx.o(RESET) refers to port.o(.emb_text) for SVC_Handler
    startup_stm32f427xx.o(RESET) refers to stm32f4xx_it.o(i.DebugMon_Handler) for DebugMon_Handler
    startup_stm32f427xx.o(RESET) refers to port.o(i.SysTick_Handler) for SysTick_Handler
    startup_stm32f427xx.o(RESET) refers to stm32f4xx_it.o(i.DMA1_Stream0_IRQHandler) for DMA1_Stream0_IRQHandler
    startup_stm32f427xx.o(RESET) refers to stm32f4xx_it.o(i.DMA1_Stream1_IRQHandler) for DMA1_Stream1_IRQHandler
    startup_stm32f427xx.o(RESET) refers to stm32f4xx_it.o(i.DMA1_Stream6_IRQHandler) for DMA1_Stream6_IRQHandler
    startup_stm32f427xx.o(RESET) refers to stm32f4xx_it.o(i.CAN1_RX0_IRQHandler) for CAN1_RX0_IRQHandler
    startup_stm32f427xx.o(RESET) refers to stm32f4xx_it.o(i.CAN1_RX1_IRQHandler) for CAN1_RX1_IRQHandler
    startup_stm32f427xx.o(RESET) refers to stm32f4xx_it.o(i.TIM7_IRQHandler) for TIM7_IRQHandler
    startup_stm32f427xx.o(RESET) refers to stm32f4xx_it.o(i.DMA2_Stream1_IRQHandler) for DMA2_Stream1_IRQHandler
    startup_stm32f427xx.o(RESET) refers to stm32f4xx_it.o(i.CAN2_RX0_IRQHandler) for CAN2_RX0_IRQHandler
    startup_stm32f427xx.o(RESET) refers to stm32f4xx_it.o(i.CAN2_RX1_IRQHandler) for CAN2_RX1_IRQHandler
    startup_stm32f427xx.o(RESET) refers to stm32f4xx_it.o(i.DMA2_Stream6_IRQHandler) for DMA2_Stream6_IRQHandler
    startup_stm32f427xx.o(RESET) refers to stm32f4xx_it.o(i.USART6_IRQHandler) for USART6_IRQHandler
    startup_stm32f427xx.o(RESET) refers to stm32f4xx_it.o(i.UART7_IRQHandler) for UART7_IRQHandler
    startup_stm32f427xx.o(RESET) refers to stm32f4xx_it.o(i.UART8_IRQHandler) for UART8_IRQHandler
    startup_stm32f427xx.o(.text) refers (Special) to heapauxi.o(.text) for __use_two_region_memory
    startup_stm32f427xx.o(.text) refers to system_stm32f4xx_1.o(i.SystemInit) for SystemInit
    startup_stm32f427xx.o(.text) refers to __main.o(!!!main) for __main
    startup_stm32f427xx.o(.text) refers to startup_stm32f427xx.o(HEAP) for Heap_Mem
    startup_stm32f427xx.o(.text) refers to startup_stm32f427xx.o(STACK) for Stack_Mem
    app.o(i.APP_Layer_Init) refers to winch.o(i.Winch_Drvier_Init) for Winch_Drvier_Init
    app.o(i.APP_Layer_Init) refers to winch.o(i.Winch_Create) for Winch_Create
    app.o(i.APP_Layer_Init) refers to winch.o(i.Winch_SetPID) for Winch_SetPID
    app.o(i.APP_Layer_Init) refers to app.o(.data) for .data
    app.o(i.APP_SendPose) refers to bsp_uart.o(i.BSP_UART_Send_DMA) for BSP_UART_Send_DMA
    app.o(i.APP_SendPose) refers to app.o(.data) for .data
    app.o(i.APP_SendPose) refers to usart.o(.bss) for huart7
    app.o(i.APP_StartTrj) refers to trajectory.o(i.StartTrj) for StartTrj
    app.o(i.APP_StartTrj) refers to app.o(.data) for .data
    app.o(i.APP_UploadData) refers to bsp_uart.o(i.BSP_UART_Send_DMA) for BSP_UART_Send_DMA
    app.o(i.APP_UploadData) refers to app.o(.bss) for .bss
    app.o(i.APP_UploadData) refers to app.o(.data) for .data
    app.o(i.APP_UploadData) refers to usart.o(.bss) for huart6
    app.o(i.APP_WinchTask) refers to winch.o(i.Winch_Calc_Output) for Winch_Calc_Output
    app.o(i.APP_WinchTask) refers to winch.o(i.Winch_Send_Current) for Winch_Send_Current
    app.o(i.APP_WinchTask) refers to winch.o(i.Winch_Pose_SetZero) for Winch_Pose_SetZero
    app.o(i.APP_WinchTask) refers to app.o(.data) for .data
    bsp.o(i.BSP_Layer_Init) refers to bsp_can.o(i.CanFilterInit) for CanFilterInit
    bsp.o(i.BSP_Layer_Init) refers to bsp_imu.o(i.imu_init) for imu_init
    bsp.o(i.BSP_Layer_Init) refers to bsp_motor.o(i.CAN1_Motor_Driver_Init) for CAN1_Motor_Driver_Init
    bsp.o(i.BSP_Layer_Init) refers to bsp_uart.o(i.BSP_UART_Init) for BSP_UART_Init
    bsp_can.o(i.BSP_CAN_Transmit) refers to stm32f4xx_hal_can.o(i.HAL_CAN_AddTxMessage) for HAL_CAN_AddTxMessage
[...]
    CAN1_RX0_IRQHandler                      0x08000e21   Thumb Code     6  stm32f4xx_it.o(i.CAN1_RX0_IRQHandler)
    CAN1_RX1_IRQHandler                      0x08000e2d   Thumb Code     6  stm32f4xx_it.o(i.CAN1_RX1_IRQHandler)
    CAN1_Receive                             0x08000e39   Thumb Code    44  bsp_motor.o(i.CAN1_Receive)
    CAN2_RX0_IRQHandler                      0x08000e69   Thumb Code     6  stm32f4xx_it.o(i.CAN2_RX0_IRQHandler)
    CAN2_RX1_IRQHandler                      0x08000e75   Thumb Code     6  stm32f4xx_it.o(i.CAN2_RX1_IRQHandler)
    CanFilterInit                            0x08000e81   Thumb Code   118  bsp_can.o(i.CanFilterInit)
    DMA1_Stream0_IRQHandler                  0x08000f01   Thumb Code     6  stm32f4xx_it.o(i.DMA1_Stream0_IRQHandler)
    DMA1_Stream1_IRQHandler                  0x08000f0d   Thumb Code     6  stm32f4xx_it.o(i.DMA1_Stream1_IRQHandler)
    DMA1_Stream6_IRQHandler                  0x08000f19   Thumb Code     6  stm32f4xx_it.o(i.DMA1_Stream6_IRQHandler)
    DMA2_Stream1_IRQHandler                  0x08000f25   Thumb Code     6  stm32f4xx_it.o(i.DMA2_Stream1_IRQHandler)
    DMA2_Stream6_IRQHandler                  0x08000f31   Thumb Code     6  stm32f4xx_it.o(i.DMA2_Stream6_IRQHandler)
    DebugMon_Handler                         0x08000fe1   Thumb Code     2  stm32f4xx_it.o(i.DebugMon_Handler)
    Error_Handler                            0x08000fe3   Thumb Code     4  main.o(i.Error_Handler)
    Gripper_grab                             0x08000fe9   Thumb Code    10  gripper.o(i.Gripper_grab)
    Gripper_loose                            0x08000ff9   Thumb Code    10  gripper.o(i.Gripper_loose)
    HAL_CAN_ActivateNotification             0x08001009   Thumb Code    36  stm32f4xx_hal_can.o(i.HAL_CAN_ActivateNotification)
    HAL_CAN_AddTxMessage                     0x0800102d   Thumb Code   208  stm32f4xx_hal_can.o(i.HAL_CAN_AddTxMessage)
    HAL_CAN_ConfigFilter                     0x080010fd   Thumb Code   262  stm32f4xx_hal_can.o(i.HAL_CAN_ConfigFilter)
    HAL_CAN_ErrorCallback                    0x08001209   Thumb Code     2  stm32f4xx_hal_can.o(i.HAL_CAN_ErrorCallback)
    HAL_CAN_GetRxMessage                     0x0800120b   Thumb Code   244  stm32f4xx_hal_can.o(i.HAL_CAN_GetRxMessage)
    HAL_CAN_IRQHandler                       0x080012ff   Thumb Code   508  stm32f4xx_hal_can.o(i.HAL_CAN_IRQHandler)
    HAL_CAN_Init                             0x080014fb   Thumb Code   282  stm32f4xx_hal_can.o(i.HAL_CAN_Init)
    HAL_CAN_MspInit                          0x08001615   Thumb Code   260  can.o(i.HAL_CAN_MspInit)
    HAL_CAN_RxFifo0FullCallback              0x08001731   Thumb Code     2  stm32f4xx_hal_can.o(i.HAL_CAN_RxFifo0FullCallback)
    HAL_CAN_RxFifo0MsgPendingCallback        0x08001735   Thumb Code    46  bsp_can.o(i.HAL_CAN_RxFifo0MsgPendingCallback)
    HAL_CAN_RxFifo1FullCallback              0x0800176d   Thumb Code     2  stm32f4xx_hal_can.o(i.HAL_CAN_RxFifo1FullCallback)
    HAL_CAN_RxFifo1MsgPendingCallback        0x0800176f   Thumb Code     2  stm32f4xx_hal_can.o(i.HAL_CAN_RxFifo1MsgPendingCallback)
    HAL_CAN_SleepCallback                    0x08001771   Thumb Code     2  stm32f4xx_hal_can.o(i.HAL_CAN_SleepCallback)
    HAL_CAN_Start                            0x08001775   Thumb Code    88  stm32f4xx_hal_can.o(i.HAL_CAN_Start)
    HAL_CAN_TxMailbox0AbortCallback          0x080017cd   Thumb Code     2  stm32f4xx_hal_can.o(i.HAL_CAN_TxMailbox0AbortCallback)
    HAL_CAN_TxMailbox0CompleteCallback       0x080017cf   Thumb Code     2  stm32f4xx_hal_can.o(i.HAL_CAN_TxMailbox0CompleteCallback)
    HAL_CAN_TxMailbox1AbortCallback          0x080017d1   Thumb Code     2  stm32f4xx_hal_can.o(i.HAL_CAN_TxMailbox1AbortCallback)
    HAL_CAN_TxMailbox1CompleteCallback       0x080017d3   Thumb Code     2  stm32f4xx_hal_can.o(i.HAL_CAN_TxMailbox1CompleteCallback)
    HAL_CAN_TxMailbox2AbortCallback          0x080017d5   Thumb Code     2  stm32f4xx_hal_can.o(i.HAL_CAN_TxMailbox2AbortCallback)
    HAL_CAN_TxMailbox2CompleteCallback       0x080017d7   Thumb Code     2  stm32f4xx_hal_can.o(i.HAL_CAN_TxMailbox2CompleteCallback)
    HAL_CAN_WakeUpFromRxMsgCallback          0x080017d9   Thumb Code     2  stm32f4xx_hal_can.o(i.HAL_CAN_WakeUpFromRxMsgCallback)
    HAL_DMA_Abort                            0x080017db   Thumb Code   146  stm32f4xx_hal_dma.o(i.HAL_DMA_Abort)
    HAL_DMA_Abort_IT                         0x0800186d   Thumb Code    36  stm32f4xx_hal_dma.o(i.HAL_DMA_Abort_IT)
    HAL_DMA_IRQHandler                       0x08001891   Thumb Code   412  stm32f4xx_hal_dma.o(i.HAL_DMA_IRQHandler)
    HAL_DMA_Init                             0x08001a31   Thumb Code   206  stm32f4xx_hal_dma.o(i.HAL_DMA_Init)
    HAL_DMA_Start_IT                         0x08001b05   Thumb Code   110  stm32f4xx_hal_dma.o(i.HAL_DMA_Start_IT)
    HAL_Delay                                0x08001b75   Thumb Code    32  stm32f4xx_hal.o(i.HAL_Delay)
    HAL_GPIO_Init                            0x08001b99   Thumb Code   510  stm32f4xx_hal_gpio.o(i.HAL_GPIO_Init)
    HAL_GPIO_WritePin                        0x08001dcd   Thumb Code    10  stm32f4xx_hal_gpio.o(i.HAL_GPIO_WritePin)
    HAL_GetTick                              0x08001dd9   Thumb Code     6  stm32f4xx_hal.o(i.HAL_GetTick)
    HAL_IncTick                              0x08001de5   Thumb Code    12  stm32f4xx_hal.o(i.HAL_IncTick)
    HAL_Init                                 0x08001df5   Thumb Code    48  stm32f4xx_hal.o(i.HAL_Init)
    HAL_InitTick                             0x08001e29   Thumb Code   132  stm32f4xx_hal_timebase_tim.o(i.HAL_InitTick)
    HAL_Layer_Init                           0x08001ec1   Thumb Code    18  hal.o(i.HAL_Layer_Init)
    HAL_MspInit                              0x08001ed9   Thumb Code    52  stm32f4xx_hal_msp.o(i.HAL_MspInit)
    HAL_NVIC_EnableIRQ                       0x08001f11   Thumb Code    26  stm32f4xx_hal_cortex.o(i.HAL_NVIC_EnableIRQ)
    HAL_NVIC_SetPriority                     0x08001f2d   Thumb Code    60  stm32f4xx_hal_cortex.o(i.HAL_NVIC_SetPriority)
    HAL_NVIC_SetPriorityGrouping             0x08001f6d   Thumb Code    26  stm32f4xx_hal_cortex.o(i.HAL_NVIC_SetPriorityGrouping)
    HAL_RCC_ClockConfig                      0x08001f91   Thumb Code   288  stm32f4xx_hal_rcc.o(i.HAL_RCC_ClockConfig)
    HAL_RCC_GetClockConfig                   0x080020c5   Thumb Code    54  stm32f4xx_hal_rcc.o(i.HAL_RCC_GetClockConfig)
    HAL_RCC_GetPCLK1Freq                     0x08002105   Thumb Code    20  stm32f4xx_hal_rcc.o(i.HAL_RCC_GetPCLK1Freq)
    HAL_RCC_GetPCLK2Freq                     0x08002125   Thumb Code    20  stm32f4xx_hal_rcc.o(i.HAL_RCC_GetPCLK2Freq)
    HAL_RCC_GetSysClockFreq                  0x08002145   Thumb Code    88  stm32f4xx_hal_rcc.o(i.HAL_RCC_GetSysClockFreq)
    HAL_RCC_OscConfig                        0x080021a9   Thumb Code   856  stm32f4xx_hal_rcc.o(i.HAL_RCC_OscConfig)
    HAL_SPI_Init                             0x08002515   Thumb Code   188  stm32f4xx_hal_spi.o(i.HAL_SPI_Init)
    HAL_SPI_MspInit                          0x080025d1   Thumb Code    94  spi.o(i.HAL_SPI_MspInit)
    HAL_SPI_TransmitReceive                  0x0800263d   Thumb Code   496  stm32f4xx_hal_spi.o(i.HAL_SPI_TransmitReceive)
    HAL_TIMEx_BreakCallback                  0x0800282d   Thumb Code     2  stm32f4xx_hal_tim_ex.o(i.HAL_TIMEx_BreakCallback)
    HAL_TIMEx_CommutCallback                 0x0800282f   Thumb Code     2  stm32f4xx_hal_tim_ex.o(i.HAL_TIMEx_CommutCallback)
    HAL_TIMEx_MasterConfigSynchronization    0x08002831   Thumb Code   116  stm32f4xx_hal_tim_ex.o(i.HAL_TIMEx_MasterConfigSynchronization)
    HAL_TIM_Base_Init                        0x080028c1   Thumb Code    90  stm32f4xx_hal_tim.o(i.HAL_TIM_Base_Init)
    HAL_TIM_Base_MspInit                     0x0800291d   Thumb Code    30  tim.o(i.HAL_TIM_Base_MspInit)
    HAL_TIM_Base_Start_IT                    0x08002945   Thumb Code   100  stm32f4xx_hal_tim.o(i.HAL_TIM_Base_Start_IT)
    HAL_TIM_ConfigClockSource                0x080029c5   Thumb Code   220  stm32f4xx_hal_tim.o(i.HAL_TIM_ConfigClockSource)
    HAL_TIM_IC_CaptureCallback               0x08002aa1   Thumb Code     2  stm32f4xx_hal_tim.o(i.HAL_TIM_IC_CaptureCallback)
    HAL_TIM_IRQHandler                       0x08002aa3   Thumb Code   304  stm32f4xx_hal_tim.o(i.HAL_TIM_IRQHandler)
    HAL_TIM_MspPostInit                      0x08002bd5   Thumb Code   108  tim.o(i.HAL_TIM_MspPostInit)
    HAL_TIM_OC_DelayElapsedCallback          0x08002c55   Thumb Code     2  stm32f4xx_hal_tim.o(i.HAL_TIM_OC_DelayElapsedCallback)
    HAL_TIM_PWM_ConfigChannel                0x08002c57   Thumb Code   204  stm32f4xx_hal_tim.o(i.HAL_TIM_PWM_ConfigChannel)
    HAL_TIM_PWM_Init                         0x08002d23   Thumb Code    90  stm32f4xx_hal_tim.o(i.HAL_TIM_PWM_Init)
    HAL_TIM_PWM_MspInit                      0x08002d7d   Thumb Code    30  tim.o(i.HAL_TIM_PWM_MspInit)
    HAL_TIM_PWM_PulseFinishedCallback        0x08002da5   Thumb Code     2  stm32f4xx_hal_tim.o(i.HAL_TIM_PWM_PulseFinishedCallback)
    HAL_TIM_PWM_Start                        0x08002da9   Thumb Code   172  stm32f4xx_hal_tim.o(i.HAL_TIM_PWM_Start)
    HAL_TIM_PeriodElapsedCallback            0x08002e71   Thumb Code    14  main.o(i.HAL_TIM_PeriodElapsedCallback)
    HAL_TIM_TriggerCallback                  0x08002e85   Thumb Code     2  stm32f4xx_hal_tim.o(i.HAL_TIM_TriggerCallback)
    HAL_UARTEx_RxEventCallback               0x08002e87   Thumb Code     2  stm32f4xx_hal_uart.o(i.HAL_UARTEx_RxEventCallback)
    HAL_UART_DMAStop                         0x08002e89   Thumb Code   112  stm32f4xx_hal_uart.o(i.HAL_UART_DMAStop)
    HAL_UART_ErrorCallback                   0x08002ef9   Thumb Code     2  stm32f4xx_hal_uart.o(i.HAL_UART_ErrorCallback)
    HAL_UART_IRQHandler                      0x08002efd   Thumb Code   636  stm32f4xx_hal_uart.o(i.HAL_UART_IRQHandler)
    HAL_UART_Init                            0x0800317d   Thumb Code   100  stm32f4xx_hal_uart.o(i.HAL_UART_Init)
    HAL_UART_MspInit                         0x080031e1   Thumb Code   602  usart.o(i.HAL_UART_MspInit)
    HAL_UART_Receive_DMA                     0x08003465   Thumb Code    28  stm32f4xx_hal_uart.o(i.HAL_UART_Receive_DMA)
    HAL_UART_RxCpltCallback                  0x08003481   Thumb Code     2  stm32f4xx_hal_uart.o(i.HAL_UART_RxCpltCallback)
    HAL_UART_RxHalfCpltCallback              0x08003483   Thumb Code     2  stm32f4xx_hal_uart.o(i.HAL_UART_RxHalfCpltCallback)
    HAL_UART_Transmit                        0x08003485   Thumb Code   160  stm32f4xx_hal_uart.o(i.HAL_UART_Transmit)
    HAL_UART_Transmit_DMA                    0x08003525   Thumb Code   120  stm32f4xx_hal_uart.o(i.HAL_UART_Transmit_DMA)
    HAL_UART_TxCpltCallback                  0x080035a9   Thumb Code     2  stm32f4xx_hal_uart.o(i.HAL_UART_TxCpltCallback)
    HAL_UART_TxHalfCpltCallback              0x080035ab   Thumb Code     2  stm32f4xx_hal_uart.o(i.HAL_UART_TxHalfCpltCallback)
    HardFault_Handler                        0x080035ad   Thumb Code     2  stm32f4xx_it.o(i.HardFault_Handler)
    JY901S_Create                            0x080035b1   Thumb Code    24  jy901s.o(i.JY901S_Create)
    JY901S_Init                              0x080035cd   Thumb Code     8  jy901s.o(i.JY901S_Init)
    JY901S_RxCallback                        0x080035d9   Thumb Code   174  jy901s.o(i.JY901S_RxCallback)
    JY901S_SetZero                           0x08003699   Thumb Code    62  jy901s.o(i.JY901S_SetZero)
    MX_CAN1_Init                             0x080036e1   Thumb Code    60  can.o(i.MX_CAN1_Init)
    MX_CAN2_Init                             0x08003725   Thumb Code    60  can.o(i.MX_CAN2_Init)
    MX_DMA_Init                              0x08003769   Thumb Code   120  dma_1.o(i.MX_DMA_Init)
    MX_FREERTOS_Init                         0x080037e5   Thumb Code   140  freertos.o(i.MX_FREERTOS_Init)
    MX_GPIO_Init                             0x08003879   Thumb Code   210  gpio.o(i.MX_GPIO_Init)
    MX_SPI5_Init                             0x08003959   Thumb Code    62  spi.o(i.MX_SPI5_Init)
    MX_TIM3_Init                             0x080039a1   Thumb Code   104  tim.o(i.MX_TIM3_Init)
    MX_TIM4_Init                             0x08003a11   Thumb Code   144  tim.o(i.MX_TIM4_Init)
    MX_UART7_Init                            0x08003aa9   Thumb Code    48  usart.o(i.MX_UART7_Init)
    MX_UART8_Init                            0x08003ae1   Thumb Code    48  usart.o(i.MX_UART8_Init)
    MX_USART6_UART_Init                      0x08003b19   Thumb Code    48  usart.o(i.MX_USART6_UART_Init)
    MemManage_Handler                        0x08003b51   Thumb Code     2  stm32f4xx_it.o(i.MemManage_Handler)
    NMI_Handler                              0x08003b53   Thumb Code     2  stm32f4xx_it.o(i.NMI_Handler)
    PID_Calc                                 0x08003b55   Thumb Code   236  pid.o(i.PID_Calc)
    PID_Create                               0x08003c41   Thumb Code    20  pid.o(i.PID_Create)
    PID_Set                                  0x08003c55   Thumb Code    26  pid.o(i.PID_Set)
    StartDefaultTask                         0x08003d99   Thumb Code     8  freertos.o(i.StartDefaultTask)
    StartImuTask                             0x08003da1   Thumb Code    12  freertos.o(i.StartImuTask)
    StartSendPoseTask                        0x08003dad   Thumb Code    22  freertos.o(i.StartSendPoseTask)
    StartTrj                                 0x08003dc3   Thumb Code   144  trajectory.o(i.StartTrj)
    StartTrjTask                             0x08003e53   Thumb Code    22  freertos.o(i.StartTrjTask)
    StartUploadTask                          0x08003e69   Thumb Code    22  freertos.o(i.StartUploadTask)
    StartWinchTask                           0x08003e7f   Thumb Code    22  freertos.o(i.StartWinchTask)
    SysTick_Handler                          0x08003e95   Thumb Code    38  port.o(i.SysTick_Handler)
    SystemClock_Config                       0x08003ec1   Thumb Code   140  main.o(i.SystemClock_Config)
    SystemInit                               0x08003f55   Thumb Code    12  system_stm32f4xx_1.o(i.SystemInit)
    TIM7_IRQHandler                          0x08003f65   Thumb Code     6  stm32f4xx_it.o(i.TIM7_IRQHandler)
    TIM_Base_SetConfig                       0x08003f71   Thumb Code   164  stm32f4xx_hal_tim.o(i.TIM_Base_SetConfig)
    TIM_CCxChannelCmd                        0x08004041   Thumb Code    26  stm32f4xx_hal_tim.o(i.TIM_CCxChannelCmd)
    TIM_ETR_SetConfig                        0x0800405b   Thumb Code    20  stm32f4xx_hal_tim.o(i.TIM_ETR_SetConfig)
    TIM_OC2_SetConfig                        0x080040e1   Thumb Code    98  stm32f4xx_hal_tim.o(i.TIM_OC2_SetConfig)
    UART7_IRQHandler                         0x0800424d   Thumb Code     6  stm32f4xx_it.o(i.UART7_IRQHandler)
    UART8_IRQHandler                         0x08004259   Thumb Code    18  stm32f4xx_it.o(i.UART8_IRQHandler)
    UART_Start_Receive_DMA                   0x080045f1   Thumb Code   146  stm32f4xx_hal_uart.o(i.UART_Start_Receive_DMA)
    USART6_IRQHandler                        0x08004705   Thumb Code    18  stm32f4xx_it.o(i.USART6_IRQHandler)
    UsageFault_Handler                       0x0800471d   Thumb Code     2  stm32f4xx_it.o(i.UsageFault_Handler)
    Winch_Calc_Output                        0x08004721   Thumb Code    48  winch.o(i.Winch_Calc_Output)
    Winch_ConstantTorque                     0x08004755   Thumb Code    82  winch.o(i.Winch_ConstantTorque)
    Winch_Create                             0x080047ad   Thumb Code    66  winch.o(i.Winch_Create)
    Winch_Drvier_Init                        0x080047f5   Thumb Code     8  winch.o(i.Winch_Drvier_Init)
    Winch_LiftControl                        0x08004801   Thumb Code   130  winch.o(i.Winch_LiftControl)
    Winch_Pose_SetZero                       0x08004895   Thumb Code    28  winch.o(i.Winch_Pose_SetZero)
    Winch_Run_Step                           0x080048b5   Thumb Code   150  trajectory.o(i.Winch_Run_Step)
    Winch_Run_Step_Lift                      0x08004951   Thumb Code   142  trajectory.o(i.Winch_Run_Step_Lift)
    Winch_RxCallback                         0x080049e5   Thumb Code   954  winch.o(i.Winch_RxCallback)
    Winch_SelfCalibration                    0x08004db1   Thumb Code   160  winch.o(i.Winch_SelfCalibration)
    Winch_Send_Current                       0x08004e61   Thumb Code    48  winch.o(i.Winch_Send_Current)
    Winch_SetPID                             0x08004e99   Thumb Code   312  winch.o(i.Winch_SetPID)
    Winch_SingleMove                         0x08004fe5   Thumb Code    88  winch.o(i.Winch_SingleMove)
    Winch_Start_Down                         0x08005041   Thumb Code   112  trajectory.o(i.Winch_Start_Down)
    Winch_Start_Fall                         0x080050c9   Thumb Code   114  trajectory.o(i.Winch_Start_Fall)
    Winch_Start_Line                         0x08005155   Thumb Code    94  trajectory.o(i.Winch_Start_Line)
    Winch_Start_Line1                        0x080051c1   Thumb Code   114  trajectory.o(i.Winch_Start_Line1)
    Winch_Start_Line2                        0x0800524d   Thumb Code   114  trajectory.o(i.Winch_Start_Line2)
    Winch_Start_Line3                        0x080052d9   Thumb Code   114  trajectory.o(i.Winch_Start_Line3)
    Winch_Start_Poly                         0x08005365   Thumb Code    94  trajectory.o(i.Winch_Start_Poly)
    Winch_Start_Rise                         0x080053d1   Thumb Code    94  trajectory.o(i.Winch_Start_Rise)
    Winch_Start_SelfCalibration              0x08005449   Thumb Code   154  trajectory.o(i.Winch_Start_SelfCalibration)
    Winch_Start_Up                           0x080054fd   Thumb Code   112  trajectory.o(i.Winch_Start_Up)
    Winch_Stop                               0x08005585   Thumb Code    88  trajectory.o(i.Winch_Stop)
    Winch_Trajectory                         0x080055e9   Thumb Code   160  winch.o(i.Winch_Trajectory)
    __ARM_fpclassify                         0x08005699   Thumb Code    48  fpclassify.o(i.__ARM_fpclassify)
    __hardfp_asin                            0x080056e9   Thumb Code   770  asin.o(i.__hardfp_asin)
    __hardfp_atan                            0x08005a49   Thumb Code   622  atan.o(i.__hardfp_atan)
    __hardfp_atan2                           0x08005d21   Thumb Code   448  atan2.o(i.__hardfp_atan2)
    __hardfp_fabs                            0x08005f21   Thumb Code    20  fabs.o(i.__hardfp_fabs)
    __hardfp_sqrt                            0x08005f35   Thumb Code   122  sqrt.o(i.__hardfp_sqrt)
    __kernel_poly                            0x08005faf   Thumb Code   248  poly.o(i.__kernel_poly)
    __mathlib_dbl_infnan                     0x080060a7   Thumb Code    20  dunder.o(i.__mathlib_dbl_infnan)
    __mathlib_dbl_infnan2                    0x080060bb   Thumb Code    20  dunder.o(i.__mathlib_dbl_infnan2)
    __mathlib_dbl_invalid                    0x080060d1   Thumb Code    24  dunder.o(i.__mathlib_dbl_invalid)
    __mathlib_dbl_underflow                  0x080060f1   Thumb Code    24  dunder.o(i.__mathlib_dbl_underflow)
    atan                                     0x08006111   Thumb Code    16  atan.o(i.atan)
    data_process                             0x08006121   Thumb Code   102  bsp_motor.o(i.data_process)
    fabs                                     0x08006195   Thumb Code    24  fabs.o(i.fabs)
    imu_ahrs_update                          0x080061ad   Thumb Code  1194  bsp_imu.o(i.imu_ahrs_update)
    imu_attitude_update                      0x08006659   Thumb Code   346  bsp_imu.o(i.imu_attitude_update)
    imu_init                                 0x080067cd   Thumb Code    14  bsp_imu.o(i.imu_init)
    imu_update                               0x080067db   Thumb Code    18  bsp_imu.o(i.imu_update)
    init_quaternion                          0x080067ed   Thumb Code   360  bsp_imu.o(i.init_quaternion)
    inv_sqrt                                 0x080069b9   Thumb Code    40  bsp_imu.o(i.inv_sqrt)
    ist8310_get_data                         0x080069e5   Thumb Code    10  bsp_imu.o(i.ist8310_get_data)
    ist8310_init                             0x080069ef   Thumb Code   256  bsp_imu.o(i.ist8310_init)
    main                                     0x08006b69   Thumb Code    70  main.o(i.main)
    mpu_device_init                          0x08006bbd   Thumb Code    90  bsp_imu.o(i.mpu_device_init)
    mpu_get_data                             0x08006c21   Thumb Code   234  bsp_imu.o(i.mpu_get_data)
    mpu_offset_call                          0x08006db1   Thumb Code   162  bsp_imu.o(i.mpu_offset_call)
    mpu_read_byte                            0x08006e59   Thumb Code    68  bsp_imu.o(i.mpu_read_byte)
    mpu_read_bytes                           0x08006ea9   Thumb Code    80  bsp_imu.o(i.mpu_read_bytes)
    mpu_set_accel_fsr                        0x08006f05   Thumb Code    10  bsp_imu.o(i.mpu_set_accel_fsr)
    mpu_set_gyro_fsr                         0x08006f0f   Thumb Code    10  bsp_imu.o(i.mpu_set_gyro_fsr)
    mpu_write_byte                           0x08006f19   Thumb Code    72  bsp_imu.o(i.mpu_write_byte)
    osDelay                                  0x08006f6d   Thumb Code    14  cmsis_os.o(i.osDelay)
    osKernelStart                            0x08006f7b   Thumb Code    10  cmsis_os.o(i.osKernelStart)
    osThreadCreate                           0x08006f85   Thumb Code    84  cmsis_os.o(i.osThreadCreate)
    pvPortMalloc                             0x08007325   Thumb Code   216  heap_4.o(i.pvPortMalloc)
    pxPortInitialiseStack                    0x08007401   Thumb Code    40  port.o(i.pxPortInitialiseStack)
    sqrt                                     0x0800742d   Thumb Code   110  sqrt.o(i.sqrt)
    uxListRemove                             0x0800749b   Thumb Code    38  list.o(i.uxListRemove)
    vApplicationGetIdleTaskMemory            0x080074c1   Thumb Code    16  freertos.o(i.vApplicationGetIdleTaskMemory)
    vListInitialise                          0x080074d5   Thumb Code    22  list.o(i.vListInitialise)
    vListInitialiseItem                      0x080074eb   Thumb Code     6  list.o(i.vListInitialiseItem)
    vListInsert                              0x080074f1   Thumb Code    48  list.o(i.vListInsert)
    vListInsertEnd                           0x08007521   Thumb Code    24  list.o(i.vListInsertEnd)
    vPortEnterCritical                       0x08007539   Thumb Code    54  port.o(i.vPortEnterCritical)
    vPortExitCritical                        0x08007579   Thumb Code    34  port.o(i.vPortExitCritical)
    vPortFree                                0x080075a1   Thumb Code    94  heap_4.o(i.vPortFree)
    vPortSetupTimerInterrupt                 0x08007605   Thumb Code    32  port.o(i.vPortSetupTimerInterrupt)
    vTaskDelay                               0x08007629   Thumb Code    66  tasks.o(i.vTaskDelay)
    vTaskDelayUntil                          0x08007675   Thumb Code   132  tasks.o(i.vTaskDelayUntil)
    vTaskStartScheduler                      0x08007701   Thumb Code    90  tasks.o(i.vTaskStartScheduler)
    vTaskSuspendAll                          0x0800776d   Thumb Code    10  tasks.o(i.vTaskSuspendAll)
    vTaskSwitchContext                       0x0800777d   Thumb Code    82  tasks.o(i.vTaskSwitchContext)
    xPortStartScheduler                      0x080077d9   Thumb Code   222  port.o(i.xPortStartScheduler)
    xTaskCreate                              0x080078cd   Thumb Code    90  tasks.o(i.xTaskCreate)
    xTaskCreateStatic                        0x08007927   Thumb Code    86  tasks.o(i.xTaskCreateStatic)
    xTaskGetTickCount                        0x0800797d   Thumb Code     6  tasks.o(i.xTaskGetTickCount)
    xTaskIncrementTick                       0x08007989   Thumb Code   194  tasks.o(i.xTaskIncrementTick)
    xTaskResumeAll                           0x08007a55   Thumb Code   182  tasks.o(i.xTaskResumeAll)
    __aeabi_dneg                             0x08007b19   Thumb Code     0  basic.o(x$fpl$basic)
    _dneg                                    0x08007b19   Thumb Code     6  basic.o(x$fpl$basic)
    __aeabi_fneg                             0x08007b1f   Thumb Code     0  basic.o(x$fpl$basic)
    _fneg                                    0x08007b1f   Thumb Code     6  basic.o(x$fpl$basic)
    _dabs                                    0x08007b25   Thumb Code     6  basic.o(x$fpl$basic)
    _fabs                                    0x08007b2b   Thumb Code     6  basic.o(x$fpl$basic)
    __aeabi_d2f                              0x08007b31   Thumb Code     0  d2f.o(x$fpl$d2f)
    _d2f                                     0x08007b31   Thumb Code    98  d2f.o(x$fpl$d2f)
    __aeabi_dadd                             0x08007b95   Thumb Code     0  daddsub_clz.o(x$fpl$dadd)
    _dadd                                    0x08007b95   Thumb Code   332  daddsub_clz.o(x$fpl$dadd)
    __fpl_dcmp_Inf                           0x08007ce5   Thumb Code    24  dcmpi.o(x$fpl$dcmpinf)
    __aeabi_ddiv                             0x08007cfd   Thumb Code     0  ddiv.o(x$fpl$ddiv)
    _ddiv                                    0x08007cfd   Thumb Code   552  ddiv.o(x$fpl$ddiv)
    __aeabi_cdcmpeq                          0x08007fad   Thumb Code     0  deqf.o(x$fpl$deqf)
    _dcmpeq                                  0x08007fad   Thumb Code   120  deqf.o(x$fpl$deqf)
    __aeabi_i2d                              0x08008025   Thumb Code     0  dflt_clz.o(x$fpl$dflt)
    _dflt                                    0x08008025   Thumb Code    46  dflt_clz.o(x$fpl$dflt)
    __aeabi_cdcmple                          0x08008055   Thumb Code     0  dleqf.o(x$fpl$dleqf)
    _dcmple                                  0x08008055   Thumb Code   120  dleqf.o(x$fpl$dleqf)
    __fpl_dcmple_InfNaN                      0x080080b7   Thumb Code     0  dleqf.o(x$fpl$dleqf)
    __aeabi_dmul                             0x080080cd   Thumb Code     0  dmul.o(x$fpl$dmul)
    _dmul                                    0x080080cd   Thumb Code   332  dmul.o(x$fpl$dmul)
    __fpl_dnaninf                            0x08008221   Thumb Code   156  dnaninf.o(x$fpl$dnaninf)
    __fpl_dretinf                            0x080082bd   Thumb Code    12  dretinf.o(x$fpl$dretinf)
    __aeabi_cdrcmple                         0x080082c9   Thumb Code     0  drleqf.o(x$fpl$drleqf)
    _drcmple                                 0x080082c9   Thumb Code   108  drleqf.o(x$fpl$drleqf)
    __aeabi_drsub                            0x08008335   Thumb Code     0  daddsub_clz.o(x$fpl$drsb)
    _drsb                                    0x08008335   Thumb Code    22  daddsub_clz.o(x$fpl$drsb)
    _dsqrt                                   0x0800834d   Thumb Code   404  dsqrt_umaal.o(x$fpl$dsqrt)
    __aeabi_dsub                             0x080084e5   Thumb Code     0  daddsub_clz.o(x$fpl$dsub)
    _dsub                                    0x080084e5   Thumb Code   464  daddsub_clz.o(x$fpl$dsub)
    __aeabi_f2d                              0x080086b9   Thumb Code     0  f2d.o(x$fpl$f2d)
    _f2d                                     0x080086b9   Thumb Code    86  f2d.o(x$fpl$f2d)
    __fpl_fnaninf                            0x0800870f   Thumb Code   140  fnaninf.o(x$fpl$fnaninf)
    _fp_init                                 0x0800879b   Thumb Code    10  fpinit.o(x$fpl$fpinit)
    __fplib_config_fpu_vfp                   0x080087a3   Thumb Code     0  fpinit.o(x$fpl$fpinit)
    __fplib_config_pureend_doubles           0x080087a3   Thumb Code     0  fpinit.o(x$fpl$fpinit)
    __fpl_fretinf                            0x080087a5   Thumb Code    10  fretinf.o(x$fpl$fretinf)
    __I$use$fp                               0x080087ae   Number         0  usenofp.o(x$fpl$usenofp)
    AHBPrescTable                            0x08008874   Data          16  system_stm32f4xx_1.o(.constdata)
    APBPrescTable                            0x08008884   Data           8  system_stm32f4xx_1.o(.constdata)
    __mathlib_zero                           0x08008978   Data           8  qnan.o(.constdata)
    Region$$Table$$Base                      0x080089c4   Number         0  anon$$obj.o(Region$$Table)
    Region$$Table$$Limit                     0x080089e4   Number         0  anon$$obj.o(Region$$Table)
    winch                                    0x20000000   Data           4  app.o(.data)
    pose_data                                0x20000004   Data           8  app.o(.data)
    TxData                                   0x2000000c   Data           8  bsp_can.o(.data)
    TxData_58                                0x20000014   Data           8  bsp_can.o(.data)
    TxHeader                                 0x2000001c   Data          24  bsp_can.o(.data)
    TxHeader_58                              0x20000034   Data          24  bsp_can.o(.data)
    id                                       0x2000004e   Data           1  bsp_imu.o(.data)
    q0                                       0x20000050   Data           4  bsp_imu.o(.data)
    q1                                       0x20000054   Data           4  bsp_imu.o(.data)
    q2                                       0x20000058   Data           4  bsp_imu.o(.data)
    q3                                       0x2000005c   Data           4  bsp_imu.o(.data)
    exInt                                    0x20000060   Data           4  bsp_imu.o(.data)
    eyInt                                    0x20000064   Data           4  bsp_imu.o(.data)
    ezInt                                    0x20000068   Data           4  bsp_imu.o(.data)
    last_update                              0x20000090   Data           4  bsp_imu.o(.data)
    now_update                               0x20000094   Data           4  bsp_imu.o(.data)
    ist_buff                                 0x20000098   Data           6  bsp_imu.o(.data)
    JY901S_instance                          0x200000ac   Data           4  jy901s.o(.data)
    unlock_data                              0x200000b0   Data           5  jy901s.o(.data)
    acc_cali_data                            0x200000b5   Data           5  jy901s.o(.data)
    angle_zero_data                          0x200000ba   Data           5  jy901s.o(.data)
    save_data                                0x200000bf   Data           5  jy901s.o(.data)
    winch_rise_angle                         0x200000c4   Data         976  trajectory.o(.data)
    winch_line1_angle                        0x20000494   Data         976  trajectory.o(.data)
    winch_line2_angle                        0x20000864   Data        1936  trajectory.o(.data)
    winch_line3_angle                        0x20000ff4   Data         976  trajectory.o(.data)
    winch_circle1_angle                      0x200013c4   Data         976  trajectory.o(.data)
    winch_circle2_angle                      0x20001794   Data        3216  trajectory.o(.data)
    winch_circle3_angle                      0x20002424   Data         976  trajectory.o(.data)
    winch_fall_angle                         0x200027f4   Data        1296  trajectory.o(.data)
    winch_lift_down_angle                    0x20002d04   Data         244  trajectory.o(.data)
    winch_lift_up_angle                      0x20002df8   Data         244  trajectory.o(.data)
    plan_angles                              0x20002eec   Data          24  trajectory.o(.data)
    winch_line1_pose                         0x20002f04   Data         488  trajectory.o(.data)
    winch_rise_pose                          0x200030ec   Data         488  trajectory.o(.data)
    winch_line2_pose                         0x200032d4   Data         968  trajectory.o(.data)
    winch_line3_pose                         0x2000369c   Data         488  trajectory.o(.data)
    winch_circle1_pose                       0x20003884   Data         488  trajectory.o(.data)
    winch_circle2_pose                       0x20003a6c   Data        1608  trajectory.o(.data)
    winch_circle3_pose                       0x200040b4   Data         488  trajectory.o(.data)
    winch_fall_pose                          0x2000429c   Data         648  trajectory.o(.data)
    plan_poses                               0x20004524   Data          24  trajectory.o(.data)
    winch_plan_angle_1                       0x2000453c   Data        1296  trajectory.o(.data)
    winch_plan_angle_2                       0x20004a4c   Data        1296  trajectory.o(.data)
    winch_plan_angle_3                       0x20004f5c   Data        1296  trajectory.o(.data)
    winch_plan_angle_4                       0x2000546c   Data        1296  trajectory.o(.data)
    winch_plan_angle_5                       0x2000597c   Data        1296  trajectory.o(.data)
    winch_plan_angle_6                       0x20005e8c   Data        1296  trajectory.o(.data)
    winch_plan_pose_1                        0x2000639c   Data         648  trajectory.o(.data)
    winch_plan_pose_2                        0x20006624   Data         648  trajectory.o(.data)
    winch_plan_pose_3                        0x200068ac   Data         648  trajectory.o(.data)
    winch_plan_pose_4                        0x20006b34   Data         648  trajectory.o(.data)
    winch_plan_pose_5                        0x20006dbc   Data         648  trajectory.o(.data)
    winch_plan_pose_6                        0x20007044   Data         648  trajectory.o(.data)
    winch_instance                           0x200072cc   Data           4  winch.o(.data)
    defaultTaskHandle                        0x200072d0   Data           4  freertos.o(.data)
    ImuTaskHandle                            0x200072d4   Data           4  freertos.o(.data)
    WinchTaskHandle                          0x200072d8   Data           4  freertos.o(.data)
    TrjTaskHandle                            0x200072dc   Data           4  freertos.o(.data)
    UploadTaskHandle                         0x200072e0   Data           4  freertos.o(.data)
    SendPoseTaskHandle                       0x200072e4   Data           4  freertos.o(.data)
    uwTickFreq                               0x200072ec   Data           1  stm32f4xx_hal.o(.data)
    uwTickPrio                               0x200072f0   Data           4  stm32f4xx_hal.o(.data)
    uwTick                                   0x200072f4   Data           4  stm32f4xx_hal.o(.data)
    SystemCoreClock                          0x200072f8   Data           4  system_stm32f4xx_1.o(.data)
    pxCurrentTCB                             0x200072fc   Data           4  tasks.o(.data)
    upload_data                              0x20007364   Data          47  app.o(.bss)
    RxHeader                                 0x20007394   Data          28  bsp_can.o(.bss)
    imu                                      0x200073b0   Data          52  bsp_imu.o(.bss)
    mpu_buff                                 0x200073e4   Data          14  bsp_imu.o(.bss)
    mpu_data                                 0x200073f2   Data          32  bsp_imu.o(.bss)
    CAN1_Motor                               0x20007414   Data          20  bsp_motor.o(.bss)
    uart_ports                               0x20007428   Data         520  bsp_uart.o(.bss)
    winch_lift_pose                          0x20007630   Data         488  trajectory.o(.bss)
    winch_motor_output                       0x20007818   Data          20  winch.o(.bss)
    hcan1                                    0x20007a80   Data          40  can.o(.bss)
    hcan2                                    0x20007aa8   Data          40  can.o(.bss)
    hspi5                                    0x20007ad0   Data          88  spi.o(.bss)
    htim3                                    0x20007b28   Data          72  tim.o(.bss)
    htim4                                    0x20007b70   Data          72  tim.o(.bss)
    huart7                                   0x20007bb8   Data          72  usart.o(.bss)
    huart8                                   0x20007c00   Data          72  usart.o(.bss)
    huart6                                   0x20007c48   Data          72  usart.o(.bss)
    hdma_uart7_tx                            0x20007c90   Data          96  usart.o(.bss)
    hdma_uart8_tx                            0x20007cf0   Data          96  usart.o(.bss)
    hdma_uart8_rx                            0x20007d50   Data          96  usart.o(.bss)
    hdma_usart6_tx                           0x20007db0   Data          96  usart.o(.bss)
    hdma_usart6_rx                           0x20007e10   Data          96  usart.o(.bss)
    htim7                                    0x20007e70   Data          72  stm32f4xx_hal_timebase_tim.o(.bss)
    __libspace_start                         0x2000bba8   Data          96  libspace.o(.bss)
    __temporary_stack_top$libspace           0x2000bc08   Data           0  libspace.o(.bss)



==============================================================================

Memory Map of the image

  Image Entry point : 0x080001ad

  Load Region LR_IROM1 (Base: 0x08000000, Size: 0x0000fd48, Max: 0x00200000, ABSOLUTE, COMPRESSED[0x0000e6f4])

    Execution Region ER_IROM1 (Exec base: 0x08000000, Load base: 0x08000000, Size: 0x000089e4, Max: 0x00200000, ABSOLUTE)

    Exec Addr    Load Addr    Size         Type   Attr      Idx    E Section Name        Object

    0x08000000   0x08000000   0x000001ac   Data   RO            3    RESET               startup_stm32f427xx.o
    0x080001ac   0x080001ac   0x00000008   Code   RO         6274  * !!!main             c_w.l(__main.o)
    0x080001b4   0x080001b4   0x00000034   Code   RO         6624    !!!scatter          c_w.l(__scatter.o)
    0x080001e8   0x080001e8   0x00000064   Code   RO         6622    !!dclz77c           c_w.l(__dclz77c.o)
    0x0800024c   0x0800024c   0x0000001c   Code   RO         6626    !!handler_zi        c_w.l(__scatter_zi.o)
    0x08000268   0x08000268   0x00000002   Code   RO         6559    .ARM.Collect$$libinit$$00000000  c_w.l(libinit.o)
    0x0800026a   0x0800026a   0x00000004   Code   RO         6378    .ARM.Collect$$libinit$$00000001  c_w.l(libinit2.o)
    0x0800026e   0x0800026e   0x00000000   Code   RO         6381    .ARM.Collect$$libinit$$00000004  c_w.l(libinit2.o)
    0x0800026e   0x0800026e   0x00000008   Code   RO         6382    .ARM.Collect$$libinit$$00000005  c_w.l(libinit2.o)
    0x08000276   0x08000276   0x00000000   Code   RO         6384    .ARM.Collect$$libinit$$0000000A  c_w.l(libinit2.o)
    0x08000276   0x08000276   0x00000000   Code   RO         6386    .ARM.Collect$$libinit$$0000000C  c_w.l(libinit2.o)
    0x08000276   0x08000276   0x00000000   Code   RO         6388    .ARM.Collect$$libinit$$0000000E  c_w.l(libinit2.o)
    0x08000276   0x08000276   0x00000000   Code   RO         6391    .ARM.Collect$$libinit$$00000011  c_w.l(libinit2.o)
    0x08000276   0x08000276   0x00000000   Code   RO         6393    .ARM.Collect$$libinit$$00000013  c_w.l(libinit2.o)
    0x08000276   0x08000276   0x00000000   Code   RO         6395    .ARM.Collect$$libinit$$00000015  c_w.l(libinit2.o)
    0x08000276   0x08000276   0x00000000   Code   RO         6397    .ARM.Collect$$libinit$$00000017  c_w.l(libinit2.o)
    0x08000276   0x08000276   0x00000000   Code   RO         6399    .ARM.Collect$$libinit$$00000019  c_w.l(libinit2.o)
    0x08000276   0x08000276   0x00000000   Code   RO         6401    .ARM.Collect$$libinit$$0000001B  c_w.l(libinit2.o)
    0x08000276   0x08000276   0x00000000   Code   RO         6403    .ARM.Collect$$libinit$$0000001D  c_w.l(libinit2.o)
    0x08000276   0x08000276   0x00000000   Code   RO         6405    .ARM.Collect$$libinit$$0000001F  c_w.l(libinit2.o)
    0x08000276   0x08000276   0x00000000   Code   RO         6407    .ARM.Collect$$libinit$$00000021  c_w.l(libinit2.o)
    0x08000276   0x08000276   0x00000000   Code   RO         6409    .ARM.Collect$$libinit$$00000023  c_w.l(libinit2.o)
    0x08000276   0x08000276   0x00000000   Code   RO         6411    .ARM.Collect$$libinit$$00000025  c_w.l(libinit2.o)
    0x08000276   0x08000276   0x00000000   Code   RO         6415    .ARM.Collect$$libinit$$0000002C  c_w.l(libinit2.o)
    0x08000276   0x08000276   0x00000000   Code   RO         6417    .ARM.Collect$$libinit$$0000002E  c_w.l(libinit2.o)
    0x08000276   0x08000276   0x00000000   Code   RO         6419    .ARM.Collect$$libinit$$00000030  c_w.l(libinit2.o)
    0x08000276   0x08000276   0x00000000   Code   RO         6421    .ARM.Collect$$libinit$$00000032  c_w.l(libinit2.o)
    0x08000276   0x08000276   0x00000002   Code   RO         6422    .ARM.Collect$$libinit$$00000033  c_w.l(libinit2.o)
    0x08000278   0x08000278   0x00000002   Code   RO         6619    .ARM.Collect$$libshutdown$$00000000  c_w.l(libshutdown.o)
    0x0800027a   0x0800027a   0x00000000   Code   RO         6575    .ARM.Collect$$libshutdown$$00000002  c_w.l(libshutdown2.o)
    0x0800027a   0x0800027a   0x00000000   Code   RO         6577    .ARM.Collect$$libshutdown$$00000004  c_w.l(libshutdown2.o)
    0x0800027a   0x0800027a   0x00000000   Code   RO         6579    .ARM.Collect$$libshutdown$$00000006  c_w.l(libshutdown2.o)
    0x0800027a   0x0800027a   0x00000000   Code   RO         6582    .ARM.Collect$$libshutdown$$00000009  c_w.l(libshutdown2.o)
    0x0800027a   0x0800027a   0x00000000   Code   RO         6585    .ARM.Collect$$libshutdown$$0000000C  c_w.l(libshutdown2.o)
    0x0800027a   0x0800027a   0x00000000   Code   RO         6587    .ARM.Collect$$libshutdown$$0000000E  c_w.l(libshutdown2.o)
    0x0800027a   0x0800027a   0x00000000   Code   RO         6590    .ARM.Collect$$libshutdown$$00000011  c_w.l(libshutdown2.o)
    0x0800027a   0x0800027a   0x00000002   Code   RO         6591    .ARM.Collect$$libshutdown$$00000012  c_w.l(libshutdown2.o)
    0x0800027c   0x0800027c   0x00000000   Code   RO         6336    .ARM.Collect$$rtentry$$00000000  c_w.l(__rtentry.o)
    0x0800027c   0x0800027c   0x00000000   Code   RO         6489    .ARM.Collect$$rtentry$$00000002  c_w.l(__rtentry2.o)
    0x0800027c   0x0800027c   0x00000006   Code   RO         6501    .ARM.Collect$$rtentry$$00000004  c_w.l(__rtentry4.o)
    0x08000282   0x08000282   0x00000000   Code   RO         6491    .ARM.Collect$$rtentry$$00000009  c_w.l(__rtentry2.o)
    0x08000282   0x08000282   0x00000004   Code   RO         6492    .ARM.Collect$$rtentry$$0000000A  c_w.l(__rtentry2.o)
    0x08000286   0x08000286   0x00000000   Code   RO         6494    .ARM.Collect$$rtentry$$0000000C  c_w.l(__rtentry2.o)
    0x08000286   0x08000286   0x00000008   Code   RO         6495    .ARM.Collect$$rtentry$$0000000D  c_w.l(__rtentry2.o)
    0x0800028e   0x0800028e   0x00000002   Code   RO         6562    .ARM.Collect$$rtexit$$00000000  c_w.l(rtexit.o)
    0x08000290   0x08000290   0x00000000   Code   RO         6595    .ARM.Collect$$rtexit$$00000002  c_w.l(rtexit2.o)
    0x08000290   0x08000290   0x00000004   Code   RO         6596    .ARM.Collect$$rtexit$$00000003  c_w.l(rtexit2.o)
    0x08000294   0x08000294   0x00000006   Code   RO         6597    .ARM.Collect$$rtexit$$00000004  c_w.l(rtexit2.o)
    0x0800029a   0x0800029a   0x00000002   PAD
    0x0800029c   0x0800029c   0x000000be   Code   RO         6127    .emb_text           port.o
    0x0800035a   0x0800035a   0x00000002   PAD
    0x0800035c   0x0800035c   0x00000000   Code   RO         6512    .emb_text           c_w.l(maybetermalloc1.o)
    0x0800035c   0x0800035c   0x00000040   Code   RO            4    .text               startup_stm32f427xx.o
    0x0800039c   0x0800039c   0x0000005e   Code   RO         6208    .text               c_w.l(h1_alloc.o)
    0x080003fa   0x080003fa   0x000000ee   Code   RO         6262    .text               c_w.l(lludivv7m.o)
    0x080004e8   0x080004e8   0x00000064   Code   RO         6266    .text               c_w.l(rt_memcpy_w.o)
    0x0800054c   0x0800054c   0x0000004e   Code   RO         6270    .text               c_w.l(rt_memclr_w.o)
    0x0800059a   0x0800059a   0x00000006   Code   RO         6272    .text               c_w.l(heapauxi.o)
    0x080005a0   0x080005a0   0x00000008   Code   RO         6344    .text               c_w.l(rt_heap_descriptor_intlibspace.o)
    0x080005a8   0x080005a8   0x00000004   Code   RO         6346    .text               c_w.l(hguard.o)
    0x080005ac   0x080005ac   0x0000008a   Code   RO         6348    .text               c_w.l(init_alloc.o)
    0x08000636   0x08000636   0x0000000e   Code   RO         6354    .text               c_w.l(h1_init.o)
    0x08000644   0x08000644   0x0000004e   Code   RO         6356    .text               c_w.l(h1_free.o)
    0x08000692   0x08000692   0x00000016   Code   RO         6372    .text               c_w.l(_rserrno.o)
    0x080006a8   0x080006a8   0x00000008   Code   RO         6485    .text               c_w.l(libspace.o)
    0x080006b0   0x080006b0   0x00000008   Code   RO         6508    .text               c_w.l(rt_errno_addr_intlibspace.o)
    0x080006b8   0x080006b8   0x00000034   Code   RO         6514    .text               c_w.l(h1_extend.o)
    0x080006ec   0x080006ec   0x0000000e   Code   RO         6518    .text               c_w.l(defsig_rtmem_outer.o)
    0x080006fa   0x080006fa   0x00000002   Code   RO         6531    .text               c_w.l(use_no_semi.o)
    0x080006fc   0x080006fc   0x00000000   Code   RO         6533    .text               c_w.l(indicate_semi.o)
    0x080006fc   0x080006fc   0x0000004a   Code   RO         6534    .text               c_w.l(sys_stackheap_outer.o)
    0x08000746   0x08000746   0x00000012   Code   RO         6540    .text               c_w.l(exit.o)
    0x08000758   0x08000758   0x0000000a   Code   RO         6542    .text               c_w.l(defsig_exit.o)
    0x08000762   0x08000762   0x00000002   PAD
    0x08000764   0x08000764   0x00000050   Code   RO         6548    .text               c_w.l(defsig_rtmem_inner.o)
    0x080007b4   0x080007b4   0x0000000c   Code   RO         6560    .text               c_w.l(sys_exit.o)
    0x080007c0   0x080007c0   0x00000032   Code   RO         6570    .text               c_w.l(defsig_general.o)
    0x080007f2   0x080007f2   0x0000000e   Code   RO         6592    .text               c_w.l(sys_wrch.o)
    0x08000800   0x08000800   0x0000001c   Code   RO           13    i.APP_Layer_Init    app.o
    0x0800081c   0x0800081c   0x00000074   Code   RO           14    i.APP_SendPose      app.o
    0x08000890   0x08000890   0x00000020   Code   RO           15    i.APP_StartTrj      app.o
    0x080008b0   0x080008b0   0x000003d4   Code   RO           16    i.APP_UploadData    app.o
    0x08000c84   0x08000c84   0x0000001c   Code   RO           17    i.APP_WinchTask     app.o
    0x08000ca0   0x08000ca0   0x00000030   Code   RO          255    i.BSP_CAN_Transmit  bsp_can.o
    0x08000cd0   0x08000cd0   0x00000030   Code   RO          256    i.BSP_CAN_Transmit_58  bsp_can.o
    0x08000d00   0x08000d00   0x00000016   Code   RO          199    i.BSP_Layer_Init    bsp.o
    0x08000d16   0x08000d16   0x00000002   PAD
    0x08000d18   0x08000d18   0x00000060   Code   RO          501    i.BSP_UART_IDLECallback  bsp_uart.o
    0x08000d78   0x08000d78   0x00000028   Code   RO          502    i.BSP_UART_IRQHandler  bsp_uart.o
    0x08000da0   0x08000da0   0x00000048   Code   RO          503    i.BSP_UART_Init     bsp_uart.o
    0x08000de8   0x08000de8   0x00000004   Code   RO          504    i.BSP_UART_Send     bsp_uart.o
    0x08000dec   0x08000dec   0x00000004   Code   RO          505    i.BSP_UART_Send_DMA  bsp_uart.o
    0x08000df0   0x08000df0   0x00000002   Code   RO         1549    i.BusFault_Handler  stm32f4xx_it.o
    0x08000df2   0x08000df2   0x00000002   PAD
    0x08000df4   0x08000df4   0x00000020   Code   RO          456    i.CAN1_Motor_Create  bsp_motor.o
    0x08000e14   0x08000e14   0x0000000c   Code   RO          457    i.CAN1_Motor_Driver_Init  bsp_motor.o
    0x08000e20   0x08000e20   0x0000000c   Code   RO         1550    i.CAN1_RX0_IRQHandler  stm32f4xx_it.o
    0x08000e2c   0x08000e2c   0x0000000c   Code   RO         1551    i.CAN1_RX1_IRQHandler  stm32f4xx_it.o
    0x08000e38   0x08000e38   0x00000030   Code   RO          458    i.CAN1_Receive      bsp_motor.o
    0x08000e68   0x08000e68   0x0000000c   Code   RO         1552    i.CAN2_RX0_IRQHandler  stm32f4xx_it.o
    0x08000e74   0x08000e74   0x0000000c   Code   RO         1553    i.CAN2_RX1_IRQHandler  stm32f4xx_it.o
    0x08000e80   0x08000e80   0x00000080   Code   RO          258    i.CanFilterInit     bsp_can.o
    0x08000f00   0x08000f00   0x0000000c   Code   RO         1554    i.DMA1_Stream0_IRQHandler  stm32f4xx_it.o
    0x08000f0c   0x08000f0c   0x0000000c   Code   RO         1555    i.DMA1_Stream1_IRQHandler  stm32f4xx_it.o
    0x08000f18   0x08000f18   0x0000000c   Code   RO         1556    i.DMA1_Stream6_IRQHandler  stm32f4xx_it.o
    0x08000f24   0x08000f24   0x0000000c   Code   RO         1557    i.DMA2_Stream1_IRQHandler  stm32f4xx_it.o
    0x08000f30   0x08000f30   0x0000000c   Code   RO         1558    i.DMA2_Stream6_IRQHandler  stm32f4xx_it.o
    0x08000f3c   0x08000f3c   0x00000028   Code   RO         3466    i.DMA_CalcBaseAndBitshift  stm32f4xx_hal_dma.o
    0x08000f64   0x08000f64   0x00000054   Code   RO         3467    i.DMA_CheckFifoParam  stm32f4xx_hal_dma.o
    0x08000fb8   0x08000fb8   0x00000028   Code   RO         3468    i.DMA_SetConfig     stm32f4xx_hal_dma.o
    0x08000fe0   0x08000fe0   0x00000002   Code   RO         1559    i.DebugMon_Handler  stm32f4xx_it.o
    0x08000fe2   0x08000fe2   0x00000004   Code   RO         1141    i.Error_Handler     main.o
    0x08000fe6   0x08000fe6   0x00000002   PAD
    0x08000fe8   0x08000fe8   0x00000010   Code   RO          552    i.Gripper_grab      gripper.o
    0x08000ff8   0x08000ff8   0x00000010   Code   RO          553    i.Gripper_loose     gripper.o
    0x08001008   0x08001008   0x00000024   Code   RO         2722    i.HAL_CAN_ActivateNotification  stm32f4xx_hal_can.o
    0x0800102c   0x0800102c   0x000000d0   Code   RO         2723    i.HAL_CAN_AddTxMessage  stm32f4xx_hal_can.o
    0x080010fc   0x080010fc   0x0000010c   Code   RO         2724    i.HAL_CAN_ConfigFilter  stm32f4xx_hal_can.o
    0x08001208   0x08001208   0x00000002   Code   RO         2727    i.HAL_CAN_ErrorCallback  stm32f4xx_hal_can.o
    0x0800120a   0x0800120a   0x000000f4   Code   RO         2730    i.HAL_CAN_GetRxMessage  stm32f4xx_hal_can.o
    0x080012fe   0x080012fe   0x000001fc   Code   RO         2734    i.HAL_CAN_IRQHandler  stm32f4xx_hal_can.o
    0x080014fa   0x080014fa   0x0000011a   Code   RO         2735    i.HAL_CAN_Init      stm32f4xx_hal_can.o
    0x08001614   0x08001614   0x0000011c   Code   RO         1315    i.HAL_CAN_MspInit   can.o
    0x08001730   0x08001730   0x00000002   Code   RO         2742    i.HAL_CAN_RxFifo0FullCallback  stm32f4xx_hal_can.o
    0x08001732   0x08001732   0x00000002   PAD
    0x08001734   0x08001734   0x00000038   Code   RO          259    i.HAL_CAN_RxFifo0MsgPendingCallback  bsp_can.o
    0x0800176c   0x0800176c   0x00000002   Code   RO         2744    i.HAL_CAN_RxFifo1FullCallback  stm32f4xx_hal_can.o
    0x0800176e   0x0800176e   0x00000002   Code   RO         2745    i.HAL_CAN_RxFifo1MsgPendingCallback  stm32f4xx_hal_can.o
    0x08001770   0x08001770   0x00000002   Code   RO         2746    i.HAL_CAN_SleepCallback  stm32f4xx_hal_can.o
    0x08001772   0x08001772   0x00000002   PAD
    0x08001774   0x08001774   0x00000058   Code   RO         2747    i.HAL_CAN_Start     stm32f4xx_hal_can.o
    0x080017cc   0x080017cc   0x00000002   Code   RO         2749    i.HAL_CAN_TxMailbox0AbortCallback  stm32f4xx_hal_can.o
    0x080017ce   0x080017ce   0x00000002   Code   RO         2750    i.HAL_CAN_TxMailbox0CompleteCallback  stm32f4xx_hal_can.o
    0x080017d0   0x080017d0   0x00000002   Code   RO         2751    i.HAL_CAN_TxMailbox1AbortCallback  stm32f4xx_hal_can.o
    0x080017d2   0x080017d2   0x00000002   Code   RO         2752    i.HAL_CAN_TxMailbox1CompleteCallback  stm32f4xx_hal_can.o
    0x080017d4   0x080017d4   0x00000002   Code   RO         2753    i.HAL_CAN_TxMailbox2AbortCallback  stm32f4xx_hal_can.o
    0x080017d6   0x080017d6   0x00000002   Code   RO         2754    i.HAL_CAN_TxMailbox2CompleteCallback  stm32f4xx_hal_can.o
    0x080017d8   0x080017d8   0x00000002   Code   RO         2756    i.HAL_CAN_WakeUpFromRxMsgCallback  stm32f4xx_hal_can.o
    0x080017da   0x080017da   0x00000092   Code   RO         3469    i.HAL_DMA_Abort     stm32f4xx_hal_dma.o
    0x0800186c   0x0800186c   0x00000024   Code   RO         3470    i.HAL_DMA_Abort_IT  stm32f4xx_hal_dma.o
    0x08001890   0x08001890   0x000001a0   Code   RO         3474    i.HAL_DMA_IRQHandler  stm32f4xx_hal_dma.o
    0x08001a30   0x08001a30   0x000000d4   Code   RO         3475    i.HAL_DMA_Init      stm32f4xx_hal_dma.o
    0x08001b04   0x08001b04   0x0000006e   Code   RO         3479    i.HAL_DMA_Start_IT  stm32f4xx_hal_dma.o
    0x08001b72   0x08001b72   0x00000002   PAD
    0x08001b74   0x08001b74   0x00000024   Code   RO         3924    i.HAL_Delay         stm32f4xx_hal.o
    0x08001b98   0x08001b98   0x00000234   Code   RO         3362    i.HAL_GPIO_Init     stm32f4xx_hal_gpio.o
    0x08001dcc   0x08001dcc   0x0000000a   Code   RO         3366    i.HAL_GPIO_WritePin  stm32f4xx_hal_gpio.o
    0x08001dd6   0x08001dd6   0x00000002   PAD
    0x08001dd8   0x08001dd8   0x0000000c   Code   RO         3932    i.HAL_GetTick       stm32f4xx_hal.o
    0x08001de4   0x08001de4   0x00000010   Code   RO         3938    i.HAL_IncTick       stm32f4xx_hal.o
    0x08001df4   0x08001df4   0x00000034   Code   RO         3939    i.HAL_Init          stm32f4xx_hal.o
    0x08001e28   0x08001e28   0x00000098   Code   RO         1709    i.HAL_InitTick      stm32f4xx_hal_timebase_tim.o
    0x08001ec0   0x08001ec0   0x00000018   Code   RO          589    i.HAL_Layer_Init    hal.o
    0x08001ed8   0x08001ed8   0x00000038   Code   RO         1685    i.HAL_MspInit       stm32f4xx_hal_msp.o
    0x08001f10   0x08001f10   0x0000001a   Code   RO         3772    i.HAL_NVIC_EnableIRQ  stm32f4xx_hal_cortex.o
    0x08001f2a   0x08001f2a   0x00000002   PAD
    0x08001f2c   0x08001f2c   0x00000040   Code   RO         3778    i.HAL_NVIC_SetPriority  stm32f4xx_hal_cortex.o
    0x08001f6c   0x08001f6c   0x00000024   Code   RO         3779    i.HAL_NVIC_SetPriorityGrouping  stm32f4xx_hal_cortex.o
    0x08001f90   0x08001f90   0x00000134   Code   RO         2956    i.HAL_RCC_ClockConfig  stm32f4xx_hal_rcc.o
    0x080020c4   0x080020c4   0x00000040   Code   RO         2960    i.HAL_RCC_GetClockConfig  stm32f4xx_hal_rcc.o
    0x08002104   0x08002104   0x00000020   Code   RO         2963    i.HAL_RCC_GetPCLK1Freq  stm32f4xx_hal_rcc.o
    0x08002124   0x08002124   0x00000020   Code   RO         2964    i.HAL_RCC_GetPCLK2Freq  stm32f4xx_hal_rcc.o
    0x08002144   0x08002144   0x00000064   Code   RO         2965    i.HAL_RCC_GetSysClockFreq  stm32f4xx_hal_rcc.o
    0x080021a8   0x080021a8   0x0000036c   Code   RO         2968    i.HAL_RCC_OscConfig  stm32f4xx_hal_rcc.o
    0x08002514   0x08002514   0x000000bc   Code   RO         4198    i.HAL_SPI_Init      stm32f4xx_hal_spi.o
    0x080025d0   0x080025d0   0x0000006c   Code   RO         1388    i.HAL_SPI_MspInit   spi.o
    0x0800263c   0x0800263c   0x000001f0   Code   RO         4207    i.HAL_SPI_TransmitReceive  stm32f4xx_hal_spi.o
    0x0800282c   0x0800282c   0x00000002   Code   RO         2454    i.HAL_TIMEx_BreakCallback  stm32f4xx_hal_tim_ex.o
    0x0800282e   0x0800282e   0x00000002   Code   RO         2455    i.HAL_TIMEx_CommutCallback  stm32f4xx_hal_tim_ex.o
    0x08002830   0x08002830   0x00000090   Code   RO         2473    i.HAL_TIMEx_MasterConfigSynchronization  stm32f4xx_hal_tim_ex.o
    0x080028c0   0x080028c0   0x0000005a   Code   RO         1750    i.HAL_TIM_Base_Init  stm32f4xx_hal_tim.o
    0x0800291a   0x0800291a   0x00000002   PAD
    0x0800291c   0x0800291c   0x00000028   Code   RO         1430    i.HAL_TIM_Base_MspInit  tim.o
    0x08002944   0x08002944   0x00000080   Code   RO         1755    i.HAL_TIM_Base_Start_IT  stm32f4xx_hal_tim.o
    0x080029c4   0x080029c4   0x000000dc   Code   RO         1759    i.HAL_TIM_ConfigClockSource  stm32f4xx_hal_tim.o
    0x08002aa0   0x08002aa0   0x00000002   Code   RO         1784    i.HAL_TIM_IC_CaptureCallback  stm32f4xx_hal_tim.o
    0x08002aa2   0x08002aa2   0x00000130   Code   RO         1798    i.HAL_TIM_IRQHandler  stm32f4xx_hal_tim.o
    0x08002bd2   0x08002bd2   0x00000002   PAD
    0x08002bd4   0x08002bd4   0x00000080   Code   RO         1431    i.HAL_TIM_MspPostInit  tim.o
    0x08002c54   0x08002c54   0x00000002   Code   RO         1801    i.HAL_TIM_OC_DelayElapsedCallback  stm32f4xx_hal_tim.o
    0x08002c56   0x08002c56   0x000000cc   Code   RO         1822    i.HAL_TIM_PWM_ConfigChannel  stm32f4xx_hal_tim.o
    0x08002d22   0x08002d22   0x0000005a   Code   RO         1825    i.HAL_TIM_PWM_Init  stm32f4xx_hal_tim.o
    0x08002d7c   0x08002d7c   0x00000028   Code   RO         1433    i.HAL_TIM_PWM_MspInit  tim.o
    0x08002da4   0x08002da4   0x00000002   Code   RO         1828    i.HAL_TIM_PWM_PulseFinishedCallback  stm32f4xx_hal_tim.o
    0x08002da6   0x08002da6   0x00000002   PAD
    0x08002da8   0x08002da8   0x000000c8   Code   RO         1830    i.HAL_TIM_PWM_Start  stm32f4xx_hal_tim.o
    0x08002e70   0x08002e70   0x00000014   Code   RO         1142    i.HAL_TIM_PeriodElapsedCallback  main.o
    0x08002e84   0x08002e84   0x00000002   Code   RO         1841    i.HAL_TIM_TriggerCallback  stm32f4xx_hal_tim.o
    0x08002e86   0x08002e86   0x00000002   Code   RO         4521    i.HAL_UARTEx_RxEventCallback  stm32f4xx_hal_uart.o
    0x08002e88   0x08002e88   0x00000070   Code   RO         4533    i.HAL_UART_DMAStop  stm32f4xx_hal_uart.o
    0x08002ef8   0x08002ef8   0x00000002   Code   RO         4535    i.HAL_UART_ErrorCallback  stm32f4xx_hal_uart.o
    0x08002efa   0x08002efa   0x00000002   PAD
    0x08002efc   0x08002efc   0x00000280   Code   RO         4538    i.HAL_UART_IRQHandler  stm32f4xx_hal_uart.o
    0x0800317c   0x0800317c   0x00000064   Code   RO         4539    i.HAL_UART_Init     stm32f4xx_hal_uart.o
    0x080031e0   0x080031e0   0x00000284   Code   RO         1496    i.HAL_UART_MspInit  usart.o
    0x08003464   0x08003464   0x0000001c   Code   RO         4543    i.HAL_UART_Receive_DMA  stm32f4xx_hal_uart.o
    0x08003480   0x08003480   0x00000002   Code   RO         4545    i.HAL_UART_RxCpltCallback  stm32f4xx_hal_uart.o
    0x08003482   0x08003482   0x00000002   Code   RO         4546    i.HAL_UART_RxHalfCpltCallback  stm32f4xx_hal_uart.o
    0x08003484   0x08003484   0x000000a0   Code   RO         4547    i.HAL_UART_Transmit  stm32f4xx_hal_uart.o
    0x08003524   0x08003524   0x00000084   Code   RO         4548    i.HAL_UART_Transmit_DMA  stm32f4xx_hal_uart.o
    0x080035a8   0x080035a8   0x00000002   Code   RO         4550    i.HAL_UART_TxCpltCallback  stm32f4xx_hal_uart.o
    0x080035aa   0x080035aa   0x00000002   Code   RO         4551    i.HAL_UART_TxHalfCpltCallback  stm32f4xx_hal_uart.o
    0x080035ac   0x080035ac   0x00000002   Code   RO         1560    i.HardFault_Handler  stm32f4xx_it.o
    0x080035ae   0x080035ae   0x00000002   PAD
    0x080035b0   0x080035b0   0x0000001c   Code   RO          617    i.JY901S_Create     jy901s.o
    0x080035cc   0x080035cc   0x0000000c   Code   RO          618    i.JY901S_Init       jy901s.o
    0x080035d8   0x080035d8   0x000000c0   Code   RO          619    i.JY901S_RxCallback  jy901s.o
    0x08003698   0x08003698   0x00000048   Code   RO          620    i.JY901S_SetZero    jy901s.o
    0x080036e0   0x080036e0   0x00000044   Code   RO         1316    i.MX_CAN1_Init      can.o
    0x08003724   0x08003724   0x00000044   Code   RO         1317    i.MX_CAN2_Init      can.o
    0x08003768   0x08003768   0x0000007c   Code   RO         1363    i.MX_DMA_Init       dma_1.o
    0x080037e4   0x080037e4   0x00000094   Code   RO         1234    i.MX_FREERTOS_Init  freertos.o
    0x08003878   0x08003878   0x000000e0   Code   RO         1210    i.MX_GPIO_Init      gpio.o
    0x08003958   0x08003958   0x00000048   Code   RO         1389    i.MX_SPI5_Init      spi.o
    0x080039a0   0x080039a0   0x00000070   Code   RO         1434    i.MX_TIM3_Init      tim.o
    0x08003a10   0x08003a10   0x00000098   Code   RO         1435    i.MX_TIM4_Init      tim.o
    0x08003aa8   0x08003aa8   0x00000038   Code   RO         1497    i.MX_UART7_Init     usart.o
    0x08003ae0   0x08003ae0   0x00000038   Code   RO         1498    i.MX_UART8_Init     usart.o
    0x08003b18   0x08003b18   0x00000038   Code   RO         1499    i.MX_USART6_UART_Init  usart.o
    0x08003b50   0x08003b50   0x00000002   Code   RO         1561    i.MemManage_Handler  stm32f4xx_it.o
    0x08003b52   0x08003b52   0x00000002   Code   RO         1562    i.NMI_Handler       stm32f4xx_it.o
    0x08003b54   0x08003b54   0x000000ec   Code   RO          664    i.PID_Calc          pid.o
    0x08003c40   0x08003c40   0x00000014   Code   RO          665    i.PID_Create        pid.o
    0x08003c54   0x08003c54   0x0000001a   Code   RO          666    i.PID_Set           pid.o
    0x08003c6e   0x08003c6e   0x00000002   PAD
    0x08003c70   0x08003c70   0x0000006c   Code   RO         4236    i.SPI_EndRxTxTransaction  stm32f4xx_hal_spi.o
    0x08003cdc   0x08003cdc   0x000000bc   Code   RO         4241    i.SPI_WaitFlagStateUntilTimeout  stm32f4xx_hal_spi.o
    0x08003d98   0x08003d98   0x00000008   Code   RO         1235    i.StartDefaultTask  freertos.o
    0x08003da0   0x08003da0   0x0000000c   Code   RO         1236    i.StartImuTask      freertos.o
    0x08003dac   0x08003dac   0x00000016   Code   RO         1237    i.StartSendPoseTask  freertos.o
    0x08003dc2   0x08003dc2   0x00000090   Code   RO          691    i.StartTrj          trajectory.o
    0x08003e52   0x08003e52   0x00000016   Code   RO         1238    i.StartTrjTask      freertos.o
    0x08003e68   0x08003e68   0x00000016   Code   RO         1239    i.StartUploadTask   freertos.o
    0x08003e7e   0x08003e7e   0x00000016   Code   RO         1240    i.StartWinchTask    freertos.o
    0x08003e94   0x08003e94   0x0000002c   Code   RO         6128    i.SysTick_Handler   port.o
    0x08003ec0   0x08003ec0   0x00000094   Code   RO         1143    i.SystemClock_Config  main.o
    0x08003f54   0x08003f54   0x00000010   Code   RO         4873    i.SystemInit        system_stm32f4xx_1.o
    0x08003f64   0x08003f64   0x0000000c   Code   RO         1563    i.TIM7_IRQHandler   stm32f4xx_it.o
    0x08003f70   0x08003f70   0x000000d0   Code   RO         1843    i.TIM_Base_SetConfig  stm32f4xx_hal_tim.o
    0x08004040   0x08004040   0x0000001a   Code   RO         1844    i.TIM_CCxChannelCmd  stm32f4xx_hal_tim.o
    0x0800405a   0x0800405a   0x00000014   Code   RO         1854    i.TIM_ETR_SetConfig  stm32f4xx_hal_tim.o
    0x0800406e   0x0800406e   0x00000010   Code   RO         1855    i.TIM_ITRx_SetConfig  stm32f4xx_hal_tim.o
    0x0800407e   0x0800407e   0x00000002   PAD
    0x08004080   0x08004080   0x00000060   Code   RO         1856    i.TIM_OC1_SetConfig  stm32f4xx_hal_tim.o
    0x080040e0   0x080040e0   0x0000006c   Code   RO         1857    i.TIM_OC2_SetConfig  stm32f4xx_hal_tim.o
    0x0800414c   0x0800414c   0x00000068   Code   RO         1858    i.TIM_OC3_SetConfig  stm32f4xx_hal_tim.o
    0x080041b4   0x080041b4   0x00000050   Code   RO         1859    i.TIM_OC4_SetConfig  stm32f4xx_hal_tim.o
    0x08004204   0x08004204   0x00000022   Code   RO         1861    i.TIM_TI1_ConfigInputStage  stm32f4xx_hal_tim.o
    0x08004226   0x08004226   0x00000024   Code   RO         1863    i.TIM_TI2_ConfigInputStage  stm32f4xx_hal_tim.o
    0x0800424a   0x0800424a   0x00000002   PAD
    0x0800424c   0x0800424c   0x0000000c   Code   RO         1564    i.UART7_IRQHandler  stm32f4xx_it.o
    0x08004258   0x08004258   0x00000018   Code   RO         1565    i.UART8_IRQHandler  stm32f4xx_it.o
    0x08004270   0x08004270   0x0000000e   Code   RO         4552    i.UART_DMAAbortOnError  stm32f4xx_hal_uart.o
    0x0800427e   0x0800427e   0x0000004a   Code   RO         4553    i.UART_DMAError     stm32f4xx_hal_uart.o
    0x080042c8   0x080042c8   0x00000086   Code   RO         4554    i.UART_DMAReceiveCplt  stm32f4xx_hal_uart.o
    0x0800434e   0x0800434e   0x0000001e   Code   RO         4556    i.UART_DMARxHalfCplt  stm32f4xx_hal_uart.o
    0x0800436c   0x0800436c   0x00000042   Code   RO         4558    i.UART_DMATransmitCplt  stm32f4xx_hal_uart.o
    0x080043ae   0x080043ae   0x0000000a   Code   RO         4560    i.UART_DMATxHalfCplt  stm32f4xx_hal_uart.o
    0x080043b8   0x080043b8   0x0000004e   Code   RO         4562    i.UART_EndRxTransfer  stm32f4xx_hal_uart.o
    0x08004406   0x08004406   0x0000001c   Code   RO         4563    i.UART_EndTxTransfer  stm32f4xx_hal_uart.o
    0x08004422   0x08004422   0x000000c2   Code   RO         4564    i.UART_Receive_IT   stm32f4xx_hal_uart.o
    0x080044e4   0x080044e4   0x0000010c   Code   RO         4565    i.UART_SetConfig    stm32f4xx_hal_uart.o
    0x080045f0   0x080045f0   0x000000a0   Code   RO         4566    i.UART_Start_Receive_DMA  stm32f4xx_hal_uart.o
    0x08004690   0x08004690   0x00000072   Code   RO         4568    i.UART_WaitOnFlagUntilTimeout  stm32f4xx_hal_uart.o
    0x08004702   0x08004702   0x00000002   PAD
    0x08004704   0x08004704   0x00000018   Code   RO         1566    i.USART6_IRQHandler  stm32f4xx_it.o
    0x0800471c   0x0800471c   0x00000002   Code   RO         1567    i.UsageFault_Handler  stm32f4xx_it.o
    0x0800471e   0x0800471e   0x00000002   PAD
    0x08004720   0x08004720   0x00000034   Code   RO         1047    i.Winch_Calc_Output  winch.o
    0x08004754   0x08004754   0x00000058   Code   RO         1048    i.Winch_ConstantTorque  winch.o
    0x080047ac   0x080047ac   0x00000048   Code   RO         1049    i.Winch_Create      winch.o
    0x080047f4   0x080047f4   0x0000000c   Code   RO         1050    i.Winch_Drvier_Init  winch.o
    0x08004800   0x08004800   0x00000094   Code   RO         1051    i.Winch_LiftControl  winch.o
    0x08004894   0x08004894   0x00000020   Code   RO         1052    i.Winch_Pose_SetZero  winch.o
    0x080048b4   0x080048b4   0x0000009c   Code   RO          692    i.Winch_Run_Step    trajectory.o
    0x08004950   0x08004950   0x00000094   Code   RO          693    i.Winch_Run_Step_Lift  trajectory.o
    0x080049e4   0x080049e4   0x000003cc   Code   RO         1053    i.Winch_RxCallback  winch.o
    0x08004db0   0x08004db0   0x000000b0   Code   RO         1054    i.Winch_SelfCalibration  winch.o
    0x08004e60   0x08004e60   0x00000038   Code   RO         1055    i.Winch_Send_Current  winch.o
    0x08004e98   0x08004e98   0x0000014c   Code   RO         1056    i.Winch_SetPID      winch.o
    0x08004fe4   0x08004fe4   0x0000005c   Code   RO         1057    i.Winch_SingleMove  winch.o
    0x08005040   0x08005040   0x00000088   Code   RO          697    i.Winch_Start_Down  trajectory.o
    0x080050c8   0x080050c8   0x0000008c   Code   RO          698    i.Winch_Start_Fall  trajectory.o
    0x08005154   0x08005154   0x0000006c   Code   RO          699    i.Winch_Start_Line  trajectory.o
    0x080051c0   0x080051c0   0x0000008c   Code   RO          700    i.Winch_Start_Line1  trajectory.o
    0x0800524c   0x0800524c   0x0000008c   Code   RO          701    i.Winch_Start_Line2  trajectory.o
    0x080052d8   0x080052d8   0x0000008c   Code   RO          702    i.Winch_Start_Line3  trajectory.o
    0x08005364   0x08005364   0x0000006c   Code   RO          703    i.Winch_Start_Poly  trajectory.o
    0x080053d0   0x080053d0   0x00000078   Code   RO          704    i.Winch_Start_Rise  trajectory.o
    0x08005448   0x08005448   0x000000b4   Code   RO          705    i.Winch_Start_SelfCalibration  trajectory.o
    0x080054fc   0x080054fc   0x00000088   Code   RO          709    i.Winch_Start_Up    trajectory.o
    0x08005584   0x08005584   0x00000064   Code   RO          710    i.Winch_Stop        trajectory.o
    0x080055e8   0x080055e8   0x000000b0   Code   RO         1058    i.Winch_Trajectory  winch.o
    0x08005698   0x08005698   0x00000030   Code   RO         6478    i.__ARM_fpclassify  m_wm.l(fpclassify.o)
    0x080056c8   0x080056c8   0x00000020   Code   RO         3785    i.__NVIC_SetPriority  stm32f4xx_hal_cortex.o
    0x080056e8   0x080056e8   0x00000360   Code   RO         6290    i.__hardfp_asin     m_wm.l(asin.o)
    0x08005a48   0x08005a48   0x000002d8   Code   RO         6450    i.__hardfp_atan     m_wm.l(atan.o)
    0x08005d20   0x08005d20   0x00000200   Code   RO         6304    i.__hardfp_atan2    m_wm.l(atan2.o)
    0x08005f20   0x08005f20   0x00000014   Code   RO         6316    i.__hardfp_fabs     m_wm.l(fabs.o)
    0x08005f34   0x08005f34   0x0000007a   Code   RO         6322    i.__hardfp_sqrt     m_wm.l(sqrt.o)
    0x08005fae   0x08005fae   0x000000f8   Code   RO         6480    i.__kernel_poly     m_wm.l(poly.o)
    0x080060a6   0x080060a6   0x00000014   Code   RO         6465    i.__mathlib_dbl_infnan  m_wm.l(dunder.o)
    0x080060ba   0x080060ba   0x00000014   Code   RO         6466    i.__mathlib_dbl_infnan2  m_wm.l(dunder.o)
    0x080060ce   0x080060ce   0x00000002   PAD
    0x080060d0   0x080060d0   0x00000020   Code   RO         6467    i.__mathlib_dbl_invalid  m_wm.l(dunder.o)
    0x080060f0   0x080060f0   0x00000020   Code   RO         6470    i.__mathlib_dbl_underflow  m_wm.l(dunder.o)
    0x08006110   0x08006110   0x00000010   Code   RO         6452    i.atan              m_wm.l(atan.o)
    0x08006120   0x08006120   0x00000074   Code   RO          459    i.data_process      bsp_motor.o
    0x08006194   0x08006194   0x00000018   Code   RO         6318    i.fabs              m_wm.l(fabs.o)
    0x080061ac   0x080061ac   0x000004aa   Code   RO          307    i.imu_ahrs_update   bsp_imu.o
    0x08006656   0x08006656   0x00000002   PAD
    0x08006658   0x08006658   0x00000174   Code   RO          308    i.imu_attitude_update  bsp_imu.o
    0x080067cc   0x080067cc   0x0000000e   Code   RO          309    i.imu_init          bsp_imu.o
    0x080067da   0x080067da   0x00000012   Code   RO          310    i.imu_update        bsp_imu.o
    0x080067ec   0x080067ec   0x000001cc   Code   RO          311    i.init_quaternion   bsp_imu.o
    0x080069b8   0x080069b8   0x0000002c   Code   RO          312    i.inv_sqrt          bsp_imu.o
    0x080069e4   0x080069e4   0x0000000a   Code   RO          313    i.ist8310_get_data  bsp_imu.o
    0x080069ee   0x080069ee   0x00000100   Code   RO          314    i.ist8310_init      bsp_imu.o
    0x08006aee   0x08006aee   0x00000038   Code   RO          315    i.ist_reg_read_by_mpu  bsp_imu.o
    0x08006b26   0x08006b26   0x00000042   Code   RO          316    i.ist_reg_write_by_mpu  bsp_imu.o
    0x08006b68   0x08006b68   0x00000046   Code   RO         1144    i.main              main.o
    0x08006bae   0x08006bae   0x0000000c   Code   RO         5693    i.makeFreeRtosPriority  cmsis_os.o
    0x08006bba   0x08006bba   0x00000002   PAD
    0x08006bbc   0x08006bbc   0x00000064   Code   RO          317    i.mpu_device_init   bsp_imu.o
    0x08006c20   0x08006c20   0x00000100   Code   RO          318    i.mpu_get_data      bsp_imu.o
    0x08006d20   0x08006d20   0x0000008e   Code   RO          319    i.mpu_master_i2c_auto_read_config  bsp_imu.o
    0x08006dae   0x08006dae   0x00000002   PAD
    0x08006db0   0x08006db0   0x000000a8   Code   RO          320    i.mpu_offset_call   bsp_imu.o
    0x08006e58   0x08006e58   0x00000050   Code   RO          321    i.mpu_read_byte     bsp_imu.o
    0x08006ea8   0x08006ea8   0x0000005c   Code   RO          322    i.mpu_read_bytes    bsp_imu.o
    0x08006f04   0x08006f04   0x0000000a   Code   RO          323    i.mpu_set_accel_fsr  bsp_imu.o
    0x08006f0e   0x08006f0e   0x0000000a   Code   RO          324    i.mpu_set_gyro_fsr  bsp_imu.o
    0x08006f18   0x08006f18   0x00000054   Code   RO          325    i.mpu_write_byte    bsp_imu.o
    0x08006f6c   0x08006f6c   0x0000000e   Code   RO         5695    i.osDelay           cmsis_os.o
    0x08006f7a   0x08006f7a   0x0000000a   Code   RO         5698    i.osKernelStart     cmsis_os.o
    0x08006f84   0x08006f84   0x00000054   Code   RO         5732    i.osThreadCreate    cmsis_os.o
    0x08006fd8   0x08006fd8   0x00000070   Code   RO         5369    i.prvAddCurrentTaskToDelayedList  tasks.o
    0x08007048   0x08007048   0x000000d0   Code   RO         5370    i.prvAddNewTaskToReadyList  tasks.o
    0x08007118   0x08007118   0x00000034   Code   RO         5371    i.prvDeleteTCB      tasks.o
    0x0800714c   0x0800714c   0x0000004c   Code   RO         6060    i.prvHeapInit       heap_4.o
    0x08007198   0x08007198   0x00000060   Code   RO         5372    i.prvIdleTask       tasks.o
    0x080071f8   0x080071f8   0x00000098   Code   RO         5373    i.prvInitialiseNewTask  tasks.o
    0x08007290   0x08007290   0x0000004c   Code   RO         6061    i.prvInsertBlockIntoFreeList  heap_4.o
    0x080072dc   0x080072dc   0x00000020   Code   RO         5374    i.prvResetNextTaskUnblockTime  tasks.o
    0x080072fc   0x080072fc   0x00000028   Code   RO         6129    i.prvTaskExitError  port.o
    0x08007324   0x08007324   0x000000dc   Code   RO         6062    i.pvPortMalloc      heap_4.o
    0x08007400   0x08007400   0x0000002c   Code   RO         6130    i.pxPortInitialiseStack  port.o
    0x0800742c   0x0800742c   0x0000006e   Code   RO         6324    i.sqrt              m_wm.l(sqrt.o)
    0x0800749a   0x0800749a   0x00000026   Code   RO         5011    i.uxListRemove      list.o
    0x080074c0   0x080074c0   0x00000014   Code   RO         1241    i.vApplicationGetIdleTaskMemory  freertos.o
    0x080074d4   0x080074d4   0x00000016   Code   RO         5012    i.vListInitialise   list.o
    0x080074ea   0x080074ea   0x00000006   Code   RO         5013    i.vListInitialiseItem  list.o
    0x080074f0   0x080074f0   0x00000030   Code   RO         5014    i.vListInsert       list.o
    0x08007520   0x08007520   0x00000018   Code   RO         5015    i.vListInsertEnd    list.o
    0x08007538   0x08007538   0x00000040   Code   RO         6132    i.vPortEnterCritical  port.o
    0x08007578   0x08007578   0x00000028   Code   RO         6133    i.vPortExitCritical  port.o
    0x080075a0   0x080075a0   0x00000064   Code   RO         6063    i.vPortFree         heap_4.o
    0x08007604   0x08007604   0x00000024   Code   RO         6134    i.vPortSetupTimerInterrupt  port.o
    0x08007628   0x08007628   0x0000004c   Code   RO         5383    i.vTaskDelay        tasks.o
    0x08007674   0x08007674   0x0000008c   Code   RO         5384    i.vTaskDelayUntil   tasks.o
    0x08007700   0x08007700   0x0000006c   Code   RO         5397    i.vTaskStartScheduler  tasks.o
    0x0800776c   0x0800776c   0x00000010   Code   RO         5399    i.vTaskSuspendAll   tasks.o
    0x0800777c   0x0800777c   0x0000005c   Code   RO         5400    i.vTaskSwitchContext  tasks.o
    0x080077d8   0x080077d8   0x000000f4   Code   RO         6136    i.xPortStartScheduler  port.o
    0x080078cc   0x080078cc   0x0000005a   Code   RO         5403    i.xTaskCreate       tasks.o
    0x08007926   0x08007926   0x00000056   Code   RO         5404    i.xTaskCreateStatic  tasks.o
    0x0800797c   0x0800797c   0x0000000c   Code   RO         5409    i.xTaskGetTickCount  tasks.o
    0x08007988   0x08007988   0x000000cc   Code   RO         5411    i.xTaskIncrementTick  tasks.o
    0x08007a54   0x08007a54   0x000000c4   Code   RO         5417    i.xTaskResumeAll    tasks.o
    0x08007b18   0x08007b18   0x00000018   Code   RO         6423    x$fpl$basic         fz_wm.l(basic.o)
    0x08007b30   0x08007b30   0x00000062   Code   RO         6276    x$fpl$d2f           fz_wm.l(d2f.o)
    0x08007b92   0x08007b92   0x00000002   PAD
    0x08007b94   0x08007b94   0x00000150   Code   RO         6425    x$fpl$dadd          fz_wm.l(daddsub_clz.o)
    0x08007ce4   0x08007ce4   0x00000018   Code   RO         6527    x$fpl$dcmpinf       fz_wm.l(dcmpi.o)
    0x08007cfc   0x08007cfc   0x000002b0   Code   RO         6432    x$fpl$ddiv          fz_wm.l(ddiv.o)
    0x08007fac   0x08007fac   0x00000078   Code   RO         6435    x$fpl$deqf          fz_wm.l(deqf.o)
    0x08008024   0x08008024   0x0000002e   Code   RO         6279    x$fpl$dflt          fz_wm.l(dflt_clz.o)
    0x08008052   0x08008052   0x00000002   PAD
    0x08008054   0x08008054   0x00000078   Code   RO         6437    x$fpl$dleqf         fz_wm.l(dleqf.o)
    0x080080cc   0x080080cc   0x00000154   Code   RO         6284    x$fpl$dmul          fz_wm.l(dmul.o)
    0x08008220   0x08008220   0x0000009c   Code   RO         6439    x$fpl$dnaninf       fz_wm.l(dnaninf.o)
    0x080082bc   0x080082bc   0x0000000c   Code   RO         6441    x$fpl$dretinf       fz_wm.l(dretinf.o)
    0x080082c8   0x080082c8   0x0000006c   Code   RO         6286    x$fpl$drleqf        fz_wm.l(drleqf.o)
    0x08008334   0x08008334   0x00000016   Code   RO         6426    x$fpl$drsb          fz_wm.l(daddsub_clz.o)
    0x0800834a   0x0800834a   0x00000002   PAD
    0x0800834c   0x0800834c   0x00000198   Code   RO         6443    x$fpl$dsqrt         fz_wm.l(dsqrt_umaal.o)
    0x080084e4   0x080084e4   0x000001d4   Code   RO         6427    x$fpl$dsub          fz_wm.l(daddsub_clz.o)
    0x080086b8   0x080086b8   0x00000056   Code   RO         6288    x$fpl$f2d           fz_wm.l(f2d.o)
    0x0800870e   0x0800870e   0x0000008c   Code   RO         6445    x$fpl$fnaninf       fz_wm.l(fnaninf.o)
    0x0800879a   0x0800879a   0x0000000a   Code   RO         6529    x$fpl$fpinit        fz_wm.l(fpinit.o)
    0x080087a4   0x080087a4   0x0000000a   Code   RO         6447    x$fpl$fretinf       fz_wm.l(fretinf.o)
    0x080087ae   0x080087ae   0x00000000   Code   RO         6449    x$fpl$usenofp       fz_wm.l(usenofp.o)
    0x080087ae   0x080087ae   0x00000002   PAD
    0x080087b0   0x080087b0   0x00000014   Data   RO          327    .constdata          bsp_imu.o
    0x080087c4   0x080087c4   0x000000a8   Data   RO         1243    .constdata          freertos.o
    0x0800886c   0x0800886c   0x00000008   Data   RO         3481    .constdata          stm32f4xx_hal_dma.o
    0x08008874   0x08008874   0x00000010   Data   RO         4874    .constdata          system_stm32f4xx_1.o
    0x08008884   0x08008884   0x00000008   Data   RO         4875    .constdata          system_stm32f4xx_1.o
    0x0800888c   0x0800888c   0x00000004   PAD
    0x08008890   0x08008890   0x00000050   Data   RO         6293    .constdata          m_wm.l(asin.o)
    0x080088e0   0x080088e0   0x00000098   Data   RO         6453    .constdata          m_wm.l(atan.o)
    0x08008978   0x08008978   0x00000008   Data   RO         6482    .constdata          m_wm.l(qnan.o)
    0x08008980   0x08008980   0x00000044   Data   RO         1244    .conststring        freertos.o
    0x080089c4   0x080089c4   0x00000020   Data   RO         6620    Region$$Table       anon$$obj.o


    Execution Region RW_IRAM2 (Exec base: 0x10000000, Load base: 0x0800e6f4, Size: 0x00000000, Max: 0x00010000, ABSOLUTE)

    **** No section assigned to this execution region ****


    Execution Region RW_IRAM1 (Exec base: 0x20000000, Load base: 0x080089e4, Size: 0x00011c08, Max: 0x00030000, ABSOLUTE, COMPRESSED[0x00005d10])

    Exec Addr    Load Addr    Size         Type   Attr      Idx    E Section Name        Object

    0x20000000   COMPRESSED   0x0000000c   Data   RW           19    .data               app.o
    0x2000000c   COMPRESSED   0x00000040   Data   RW          261    .data               bsp_can.o
    0x2000004c   COMPRESSED   0x00000060   Data   RW          328    .data               bsp_imu.o
    0x200000ac   COMPRESSED   0x00000018   Data   RW          621    .data               jy901s.o
    0x200000c4   COMPRESSED   0x00004478   Data   RW          713    .data               trajectory.o
    0x2000453c   COMPRESSED   0x00000510   Data   RW          794    .data               trajectory.o
    0x20004a4c   COMPRESSED   0x00000510   Data   RW          795    .data               trajectory.o
    0x20004f5c   COMPRESSED   0x00000510   Data   RW          796    .data               trajectory.o
    0x2000546c   COMPRESSED   0x00000510   Data   RW          797    .data               trajectory.o
    0x2000597c   COMPRESSED   0x00000510   Data   RW          798    .data               trajectory.o
    0x20005e8c   COMPRESSED   0x00000510   Data   RW          799    .data               trajectory.o
    0x2000639c   COMPRESSED   0x00000288   Data   RW          884    .data               trajectory.o
    0x20006624   COMPRESSED   0x00000288   Data   RW          885    .data               trajectory.o
    0x200068ac   COMPRESSED   0x00000288   Data   RW          886    .data               trajectory.o
    0x20006b34   COMPRESSED   0x00000288   Data   RW          887    .data               trajectory.o
    0x20006dbc   COMPRESSED   0x00000288   Data   RW          888    .data               trajectory.o
    0x20007044   COMPRESSED   0x00000288   Data   RW          889    .data               trajectory.o
    0x200072cc   COMPRESSED   0x00000004   Data   RW         1060    .data               winch.o
    0x200072d0   COMPRESSED   0x00000018   Data   RW         1245    .data               freertos.o
    0x200072e8   COMPRESSED   0x00000004   Data   RW         1319    .data               can.o
    0x200072ec   COMPRESSED   0x0000000c   Data   RW         3946    .data               stm32f4xx_hal.o
    0x200072f8   COMPRESSED   0x00000004   Data   RW         4876    .data               system_stm32f4xx_1.o
    0x200072fc   COMPRESSED   0x0000003c   Data   RW         5420    .data               tasks.o
    0x20007338   COMPRESSED   0x00000020   Data   RW         6069    .data               heap_4.o
    0x20007358   COMPRESSED   0x0000000c   Data   RW         6137    .data               port.o
    0x20007364        -       0x0000002f   Zero   RW           18    .bss                app.o
    0x20007393   COMPRESSED   0x00000001   PAD
    0x20007394        -       0x0000001c   Zero   RW          260    .bss                bsp_can.o
    0x200073b0        -       0x00000062   Zero   RW          326    .bss                bsp_imu.o
    0x20007412   COMPRESSED   0x00000002   PAD
    0x20007414        -       0x00000014   Zero   RW          460    .bss                bsp_motor.o
    0x20007428        -       0x00000208   Zero   RW          506    .bss                bsp_uart.o
    0x20007630        -       0x000001e8   Zero   RW          711    .bss                trajectory.o
    0x20007818        -       0x00000014   Zero   RW         1059    .bss                winch.o
    0x2000782c        -       0x00000254   Zero   RW         1242    .bss                freertos.o
    0x20007a80        -       0x00000050   Zero   RW         1318    .bss                can.o
    0x20007ad0        -       0x00000058   Zero   RW         1390    .bss                spi.o
    0x20007b28        -       0x00000090   Zero   RW         1436    .bss                tim.o
    0x20007bb8        -       0x000002b8   Zero   RW         1500    .bss                usart.o
    0x20007e70        -       0x00000048   Zero   RW         1712    .bss                stm32f4xx_hal_timebase_tim.o
    0x20007eb8        -       0x000000f0   Zero   RW         5419    .bss                tasks.o
    0x20007fa8        -       0x00003c00   Zero   RW         6068    .bss                heap_4.o
    0x2000bba8        -       0x00000060   Zero   RW         6486    .bss                c_w.l(libspace.o)
    0x2000bc08        -       0x00003000   Zero   RW            2    HEAP                startup_stm32f427xx.o
    0x2000ec08        -       0x00003000   Zero   RW            1    STACK               startup_stm32f427xx.o


==============================================================================

Image component sizes


      Code (inc. data)   RO Data    RW Data    ZI Data      Debug   Object Name

      1184         46          0         12         47     764918   app.o
        22          0          0          0          0        993   bsp.o
       280         28          0         64         28       3246   bsp_can.o
      3432        222         20         96         98      14260   bsp_imu.o
       208         32          0          0         20       2680   bsp_motor.o
       216         40          0          0        520       3403   bsp_uart.o
       420         40          0          4         80       2430   can.o
       120          0          0          0          0      23161   cmsis_os.o
       124          4          0          0          0        814   dma_1.o
         0          0          0          0          0      16824   event_groups.o
       276         12        236         24        596       5463   freertos.o
       224         14          0          0          0       1087   gpio.o
        32         12          0          0          0        879   gripper.o
        24          6          0          0          0        469   hal.o
       472         24          0         32      15360       7311   heap_4.o
       304         36          0         24          0       2693   jy901s.o
       138          0          0          0          0       3458   list.o
       242         14          0          0          0      23748   main.o
       282          0          0          0          0       2082   pid.o
       702         72          0         12          0      10836   port.o
       180         24          0          0         88       1633   spi.o
        64         26        428          0      24576        828   startup_stm32f427xx.o
       116         18          0         12          0       8766   stm32f4xx_hal.o
      1658          6          0          0          0      14031   stm32f4xx_hal_can.o
       158         14          0          0          0      32958   stm32f4xx_hal_cortex.o
      1084         16          8          0          0       7222   stm32f4xx_hal_dma.o
       574         54          0          0          0       2168   stm32f4xx_hal_gpio.o
        56          4          0          0          0        838   stm32f4xx_hal_msp.o
      1412         86          0          0          0       5821   stm32f4xx_hal_rcc.o
       980         16          0          0          0       4833   stm32f4xx_hal_spi.o
      1972        136          0          0          0      16216   stm32f4xx_hal_tim.o
       148         28          0          0          0       2433   stm32f4xx_hal_tim_ex.o
       152         20          0          0         72       1439   stm32f4xx_hal_timebase_tim.o
      2354         40          0          0          0      18439   stm32f4xx_hal_uart.o
       192         78          0          0          0       8759   stm32f4xx_it.o
        16          4         24          4          0       1087   system_stm32f4xx_1.o
      1672        126          0         60        240      20912   tasks.o
       472         56          0          0        144       3539   tim.o
      1896        270          0      29192        488      35665   trajectory.o
       812         66          0          0        696       3512   usart.o
      2208        136          0          4         20       8492   winch.o

    ----------------------------------------------------------------------
     26922       1826        752      29540      43076    1090346   Object Totals
         0          0         32          0          0          0   (incl. Generated)
        44          0          4          0          3          0   (incl. Padding)

    ----------------------------------------------------------------------

      Code (inc. data)   RO Data    RW Data    ZI Data      Debug   Library Member Name

       100          0          0          0          0          0   __dclz77c.o
         8          0          0          0          0         68   __main.o
         0          0          0          0          0          0   __rtentry.o
        12          0          0          0          0          0   __rtentry2.o
         6          0          0          0          0          0   __rtentry4.o
        52          8          0          0          0          0   __scatter.o
        28          0          0          0          0          0   __scatter_zi.o
        22          0          0          0          0        100   _rserrno.o
        10          0          0          0          0         68   defsig_exit.o
        50          0          0          0          0         88   defsig_general.o
        80         58          0          0          0         76   defsig_rtmem_inner.o
        14          0          0          0          0         80   defsig_rtmem_outer.o
        18          0          0          0          0         80   exit.o
        94          0          0          0          0         80   h1_alloc.o
        52          0          0          0          0         68   h1_extend.o
        78          0          0          0          0         80   h1_free.o
        14          0          0          0          0         84   h1_init.o
         6          0          0          0          0        152   heapauxi.o
         4          0          0          0          0        136   hguard.o
         0          0          0          0          0          0   indicate_semi.o
       138          0          0          0          0        168   init_alloc.o
         2          0          0          0          0          0   libinit.o
        14          0          0          0          0          0   libinit2.o
         2          0          0          0          0          0   libshutdown.o
         2          0          0          0          0          0   libshutdown2.o
         8          4          0          0         96         68   libspace.o
       238          0          0          0          0        100   lludivv7m.o
         0          0          0          0          0          0   maybetermalloc1.o
         8          4          0          0          0         68   rt_errno_addr_intlibspace.o
         8          4          0          0          0         68   rt_heap_descriptor_intlibspace.o
        78          0          0          0          0         80   rt_memclr_w.o
       100          0          0          0          0         80   rt_memcpy_w.o
         2          0          0          0          0          0   rtexit.o
        10          0          0          0          0          0   rtexit2.o
        12          4          0          0          0         68   sys_exit.o
        74          0          0          0          0         80   sys_stackheap_outer.o
        14          0          0          0          0         76   sys_wrch.o
         2          0          0          0          0         68   use_no_semi.o
        24          0          0          0          0        164   basic.o
        98          4          0          0          0        140   d2f.o
       826         16          0          0          0        492   daddsub_clz.o
        24          0          0          0          0        116   dcmpi.o
       688        140          0          0          0        256   ddiv.o
       120          4          0          0          0        140   deqf.o
        46          0          0          0          0        116   dflt_clz.o
       120          4          0          0          0        140   dleqf.o
       340         12          0          0          0        152   dmul.o
       156          4          0          0          0        140   dnaninf.o
        12          0          0          0          0        116   dretinf.o
       108          0          0          0          0        128   drleqf.o
       408         56          0          0          0        168   dsqrt_umaal.o
        86          4          0          0          0        132   f2d.o
       140          4          0          0          0        132   fnaninf.o
        10          0          0          0          0        116   fpinit.o
        10          0          0          0          0        116   fretinf.o
         0          0          0          0          0          0   usenofp.o
       864         94         80          0          0        280   asin.o
       744        106        152          0          0        352   atan.o
       512         64          0          0          0        208   atan2.o
       104         16          0          0          0        496   dunder.o
        44          0          0          0          0        248   fabs.o
        48          0          0          0          0        124   fpclassify.o
       248          0          0          0          0        152   poly.o
         0          0          8          0          0          0   qnan.o
       232          0          0          0          0        296   sqrt.o

    ----------------------------------------------------------------------
      7386        610        240          0         96       7004   Library Totals
        14          0          0          0          0          0   (incl. Padding)

    ----------------------------------------------------------------------

      Code (inc. data)   RO Data    RW Data    ZI Data      Debug   Library Name

      1360         82          0          0         96       2084   c_w.l
      3216        248          0          0          0       2764   fz_wm.l
      2796        280        240          0          0       2156   m_wm.l

    ----------------------------------------------------------------------
      7386        610        240          0         96       7004   Library Totals

    ----------------------------------------------------------------------

==============================================================================


      Code (inc. data)   RO Data    RW Data    ZI Data      Debug   

     34308       2436        992      29540      43172    1068958   Grand Totals
     34308       2436        992      23824      43172    1068958   ELF Image Totals (compressed)
     34308       2436        992      23824          0          0   ROM Totals

==============================================================================

    Total RO  Size (Code + RO Data)                35300 (  34.47kB)
    Total RW  Size (RW Data + ZI Data)             72712 (  71.01kB)
    Total ROM Size (Code + RO Data + RW Data)      59124 (  57.74kB)

==============================================================================

